Archive member included to satisfy reference by file (symbol)

/Users/aeheigl/Library/Application Support/Code/User/globalStorage/bmd.stm32-for-vscode/@xpack-dev-tools/arm-none-eabi-gcc/11.3.1-1.1.2/.content/bin/../lib/gcc/arm-none-eabi/11.3.1/../../../../arm-none-eabi/lib/thumb/v7e-m+fp/hard/libc_nano.a(libc_a-atexit.o)
                              /Users/aeheigl/Library/Application Support/Code/User/globalStorage/bmd.stm32-for-vscode/@xpack-dev-tools/arm-none-eabi-gcc/11.3.1-1.1.2/.content/bin/../lib/gcc/arm-none-eabi/11.3.1/../../../../arm-none-eabi/lib/thumb/v7e-m+fp/hard/crt0.o (atexit)
/Users/aeheigl/Library/Application Support/Code/User/globalStorage/bmd.stm32-for-vscode/@xpack-dev-tools/arm-none-eabi-gcc/11.3.1-1.1.2/.content/bin/../lib/gcc/arm-none-eabi/11.3.1/../../../../arm-none-eabi/lib/thumb/v7e-m+fp/hard/libc_nano.a(libc_a-exit.o)
                              /Users/aeheigl/Library/Application Support/Code/User/globalStorage/bmd.stm32-for-vscode/@xpack-dev-tools/arm-none-eabi-gcc/11.3.1-1.1.2/.content/bin/../lib/gcc/arm-none-eabi/11.3.1/../../../../arm-none-eabi/lib/thumb/v7e-m+fp/hard/crt0.o (exit)
/Users/aeheigl/Library/Application Support/Code/User/globalStorage/bmd.stm32-for-vscode/@xpack-dev-tools/arm-none-eabi-gcc/11.3.1-1.1.2/.content/bin/../lib/gcc/arm-none-eabi/11.3.1/../../../../arm-none-eabi/lib/thumb/v7e-m+fp/hard/libc_nano.a(libc_a-findfp.o)
                              /Users/aeheigl/Library/Application Support/Code/User/globalStorage/bmd.stm32-for-vscode/@xpack-dev-tools/arm-none-eabi-gcc/11.3.1-1.1.2/.content/bin/../lib/gcc/arm-none-eabi/11.3.1/../../../../arm-none-eabi/lib/thumb/v7e-m+fp/hard/libc_nano.a(libc_a-exit.o) (__stdio_exit_handler)
/Users/aeheigl/Library/Application Support/Code/User/globalStorage/bmd.stm32-for-vscode/@xpack-dev-tools/arm-none-eabi-gcc/11.3.1-1.1.2/.content/bin/../lib/gcc/arm-none-eabi/11.3.1/../../../../arm-none-eabi/lib/thumb/v7e-m+fp/hard/libc_nano.a(libc_a-fwalk.o)
                              /Users/aeheigl/Library/Application Support/Code/User/globalStorage/bmd.stm32-for-vscode/@xpack-dev-tools/arm-none-eabi-gcc/11.3.1-1.1.2/.content/bin/../lib/gcc/arm-none-eabi/11.3.1/../../../../arm-none-eabi/lib/thumb/v7e-m+fp/hard/libc_nano.a(libc_a-findfp.o) (_fwalk_sglue)
/Users/aeheigl/Library/Application Support/Code/User/globalStorage/bmd.stm32-for-vscode/@xpack-dev-tools/arm-none-eabi-gcc/11.3.1-1.1.2/.content/bin/../lib/gcc/arm-none-eabi/11.3.1/../../../../arm-none-eabi/lib/thumb/v7e-m+fp/hard/libc_nano.a(libc_a-stdio.o)
                              /Users/aeheigl/Library/Application Support/Code/User/globalStorage/bmd.stm32-for-vscode/@xpack-dev-tools/arm-none-eabi-gcc/11.3.1-1.1.2/.content/bin/../lib/gcc/arm-none-eabi/11.3.1/../../../../arm-none-eabi/lib/thumb/v7e-m+fp/hard/libc_nano.a(libc_a-findfp.o) (__sread)
/Users/aeheigl/Library/Application Support/Code/User/globalStorage/bmd.stm32-for-vscode/@xpack-dev-tools/arm-none-eabi-gcc/11.3.1-1.1.2/.content/bin/../lib/gcc/arm-none-eabi/11.3.1/../../../../arm-none-eabi/lib/thumb/v7e-m+fp/hard/libc_nano.a(libc_a-vsprintf.o)
                              build/lcd16x2.o (vsprintf)
/Users/aeheigl/Library/Application Support/Code/User/globalStorage/bmd.stm32-for-vscode/@xpack-dev-tools/arm-none-eabi-gcc/11.3.1-1.1.2/.content/bin/../lib/gcc/arm-none-eabi/11.3.1/../../../../arm-none-eabi/lib/thumb/v7e-m+fp/hard/libc_nano.a(libc_a-memset.o)
                              /Users/aeheigl/Library/Application Support/Code/User/globalStorage/bmd.stm32-for-vscode/@xpack-dev-tools/arm-none-eabi-gcc/11.3.1-1.1.2/.content/bin/../lib/gcc/arm-none-eabi/11.3.1/../../../../arm-none-eabi/lib/thumb/v7e-m+fp/hard/crt0.o (memset)
/Users/aeheigl/Library/Application Support/Code/User/globalStorage/bmd.stm32-for-vscode/@xpack-dev-tools/arm-none-eabi-gcc/11.3.1-1.1.2/.content/bin/../lib/gcc/arm-none-eabi/11.3.1/../../../../arm-none-eabi/lib/thumb/v7e-m+fp/hard/libc_nano.a(libc_a-closer.o)
                              /Users/aeheigl/Library/Application Support/Code/User/globalStorage/bmd.stm32-for-vscode/@xpack-dev-tools/arm-none-eabi-gcc/11.3.1-1.1.2/.content/bin/../lib/gcc/arm-none-eabi/11.3.1/../../../../arm-none-eabi/lib/thumb/v7e-m+fp/hard/libc_nano.a(libc_a-stdio.o) (_close_r)
/Users/aeheigl/Library/Application Support/Code/User/globalStorage/bmd.stm32-for-vscode/@xpack-dev-tools/arm-none-eabi-gcc/11.3.1-1.1.2/.content/bin/../lib/gcc/arm-none-eabi/11.3.1/../../../../arm-none-eabi/lib/thumb/v7e-m+fp/hard/libc_nano.a(libc_a-reent.o)
                              /Users/aeheigl/Library/Application Support/Code/User/globalStorage/bmd.stm32-for-vscode/@xpack-dev-tools/arm-none-eabi-gcc/11.3.1-1.1.2/.content/bin/../lib/gcc/arm-none-eabi/11.3.1/../../../../arm-none-eabi/lib/thumb/v7e-m+fp/hard/libc_nano.a(libc_a-closer.o) (errno)
[...]
Memory Configuration

Name             Origin             Length             Attributes
FLASH            0x0000000008000000 0x0000000000080000 xr
RAM1             0x0000000020000008 0x000000000002fff8 xrw
RAM_SHARED       0x0000000020030000 0x0000000000002800 xrw
*default*        0x0000000000000000 0xffffffffffffffff

Linker script and memory map

LOAD /Users/aeheigl/Library/Application Support/Code/User/globalStorage/bmd.stm32-for-vscode/@xpack-dev-tools/arm-none-eabi-gcc/11.3.1-1.1.2/.content/bin/../lib/gcc/arm-none-eabi/11.3.1/thumb/v7e-m+fp/hard/crti.o
LOAD /Users/aeheigl/Library/Application Support/Code/User/globalStorage/bmd.stm32-for-vscode/@xpack-dev-tools/arm-none-eabi-gcc/11.3.1-1.1.2/.content/bin/../lib/gcc/arm-none-eabi/11.3.1/thumb/v7e-m+fp/hard/crtbegin.o
LOAD /Users/aeheigl/Library/Application Support/Code/User/globalStorage/bmd.stm32-for-vscode/@xpack-dev-tools/arm-none-eabi-gcc/11.3.1-1.1.2/.content/bin/../lib/gcc/arm-none-eabi/11.3.1/../../../../arm-none-eabi/lib/thumb/v7e-m+fp/hard/crt0.o
LOAD build/DC_MOTOR.o
LOAD build/DC_MOTOR_cfg.o
LOAD build/DHT.o
LOAD build/adc.o
LOAD build/app_freertos.o
LOAD build/gpio.o
LOAD build/lcd16x2.o
LOAD build/main.o
LOAD build/stm32wbxx_hal_msp.o
LOAD build/stm32wbxx_it.o
LOAD build/system_stm32wbxx.o
LOAD build/tim.o
LOAD build/usart.o
LOAD build/usb.o
LOAD build/stm32wbxx_hal.o
LOAD build/stm32wbxx_hal_adc.o
LOAD build/stm32wbxx_hal_adc_ex.o
LOAD build/stm32wbxx_hal_cortex.o
LOAD build/stm32wbxx_hal_dma.o
LOAD build/stm32wbxx_hal_dma_ex.o
LOAD build/stm32wbxx_hal_exti.o
LOAD build/stm32wbxx_hal_flash.o
LOAD build/stm32wbxx_hal_flash_ex.o
LOAD build/stm32wbxx_hal_gpio.o
LOAD build/stm32wbxx_hal_hsem.o
LOAD build/stm32wbxx_hal_pcd.o
LOAD build/stm32wbxx_hal_pcd_ex.o
LOAD build/stm32wbxx_hal_pwr.o
LOAD build/stm32wbxx_hal_pwr_ex.o
LOAD build/stm32wbxx_hal_rcc.o
LOAD build/stm32wbxx_hal_rcc_ex.o
LOAD build/stm32wbxx_hal_tim.o
LOAD build/stm32wbxx_hal_tim_ex.o
LOAD build/stm32wbxx_hal_uart.o
LOAD build/stm32wbxx_hal_uart_ex.o
LOAD build/stm32wbxx_ll_adc.o
LOAD build/stm32wbxx_ll_rcc.o
LOAD build/stm32wbxx_ll_usb.o
LOAD build/cmsis_os2.o
LOAD build/croutine.o
LOAD build/event_groups.o
LOAD build/list.o
LOAD build/port.o
LOAD build/heap_4.o
LOAD build/queue.o
LOAD build/stream_buffer.o
LOAD build/tasks.o
LOAD build/timers.o
LOAD build/startup_stm32wb55xx_cm4.o
LOAD /Users/aeheigl/Library/Application Support/Code/User/globalStorage/bmd.stm32-for-vscode/@xpack-dev-tools/arm-none-eabi-gcc/11.3.1-1.1.2/.content/bin/../lib/gcc/arm-none-eabi/11.3.1/../../../../arm-none-eabi/lib/thumb/v7e-m+fp/hard/libc_nano.a
LOAD /Users/aeheigl/Library/Application Support/Code/User/globalStorage/bmd.stm32-for-vscode/@xpack-dev-tools/arm-none-eabi-gcc/11.3.1-1.1.2/.content/bin/../lib/gcc/arm-none-eabi/11.3.1/../../../../arm-none-eabi/lib/thumb/v7e-m+fp/hard/libm.a
LOAD /Users/aeheigl/Library/Application Support/Code/User/globalStorage/bmd.stm32-for-vscode/@xpack-dev-tools/arm-none-eabi-gcc/11.3.1-1.1.2/.content/bin/../lib/gcc/arm-none-eabi/11.3.1/../../../../arm-none-eabi/lib/thumb/v7e-m+fp/hard/libnosys.a
START GROUP
LOAD /Users/aeheigl/Library/Application Support/Code/User/globalStorage/bmd.stm32-for-vscode/@xpack-dev-tools/arm-none-eabi-gcc/11.3.1-1.1.2/.content/bin/../lib/gcc/arm-none-eabi/11.3.1/thumb/v7e-m+fp/hard/libgcc.a
LOAD /Users/aeheigl/Library/Application Support/Code/User/globalStorage/bmd.stm32-for-vscode/@xpack-dev-tools/arm-none-eabi-gcc/11.3.1-1.1.2/.content/bin/../lib/gcc/arm-none-eabi/11.3.1/../../../../arm-none-eabi/lib/thumb/v7e-m+fp/hard/libc_nano.a
END GROUP
START GROUP
LOAD /Users/aeheigl/Library/Application Support/Code/User/globalStorage/bmd.stm32-for-vscode/@xpack-dev-tools/arm-none-eabi-gcc/11.3.1-1.1.2/.content/bin/../lib/gcc/arm-none-eabi/11.3.1/thumb/v7e-m+fp/hard/libgcc.a
LOAD /Users/aeheigl/Library/Application Support/Code/User/globalStorage/bmd.stm32-for-vscode/@xpack-dev-tools/arm-none-eabi-gcc/11.3.1-1.1.2/.content/bin/../lib/gcc/arm-none-eabi/11.3.1/../../../../arm-none-eabi/lib/thumb/v7e-m+fp/hard/libc_nano.a
END GROUP
LOAD /Users/aeheigl/Library/Application Support/Code/User/globalStorage/bmd.stm32-for-vscode/@xpack-dev-tools/arm-none-eabi-gcc/11.3.1-1.1.2/.content/bin/../lib/gcc/arm-none-eabi/11.3.1/thumb/v7e-m+fp/hard/crtend.o
LOAD /Users/aeheigl/Library/Application Support/Code/User/globalStorage/bmd.stm32-for-vscode/@xpack-dev-tools/arm-none-eabi-gcc/11.3.1-1.1.2/.content/bin/../lib/gcc/arm-none-eabi/11.3.1/thumb/v7e-m+fp/hard/crtn.o
                0x0000000020030000                _estack = 0x20030000
                0x0000000000000200                _Min_Heap_Size = 0x200
                0x0000000000000400                _Min_Stack_Size = 0x400

.isr_vector     0x0000000008000000      0x13c
                0x0000000008000000                . = ALIGN (0x4)
 *(.isr_vector)
 .isr_vector    0x0000000008000000      0x13c build/startup_stm32wb55xx_cm4.o
                0x0000000008000000                g_pfnVectors
                0x000000000800013c                . = ALIGN (0x4)

.text           0x0000000008000140     0x69a0
                0x0000000008000140                . = ALIGN (0x4)
 *(.text)
 .text          0x0000000008000140       0x10 /Users/aeheigl/Library/Application Support/Code/User/globalStorage/bmd.stm32-for-vscode/@xpack-dev-tools/arm-none-eabi-gcc/11.3.1-1.1.2/.content/bin/../lib/gcc/arm-none-eabi/11.3.1/../../../../arm-none-eabi/lib/thumb/v7e-m+fp/hard/libc_nano.a(libc_a-strlen.o)
                0x0000000008000140                strlen
 .text          0x0000000008000150       0xa0 /Users/aeheigl/Library/Application Support/Code/User/globalStorage/bmd.stm32-for-vscode/@xpack-dev-tools/arm-none-eabi-gcc/11.3.1-1.1.2/.content/bin/../lib/gcc/arm-none-eabi/11.3.1/../../../../arm-none-eabi/lib/thumb/v7e-m+fp/hard/libc_nano.a(libc_a-memchr.o)
                0x0000000008000150                memchr
 .text          0x00000000080001f0       0x30 /Users/aeheigl/Library/Application Support/Code/User/globalStorage/bmd.stm32-for-vscode/@xpack-dev-tools/arm-none-eabi-gcc/11.3.1-1.1.2/.content/bin/../lib/gcc/arm-none-eabi/11.3.1/thumb/v7e-m+fp/hard/libgcc.a(_aeabi_uldivmod.o)
                0x00000000080001f0                __aeabi_uldivmod
 .text          0x0000000008000220        0x4 /Users/aeheigl/Library/Application Support/Code/User/globalStorage/bmd.stm32-for-vscode/@xpack-dev-tools/arm-none-eabi-gcc/11.3.1-1.1.2/.content/bin/../lib/gcc/arm-none-eabi/11.3.1/thumb/v7e-m+fp/hard/libgcc.a(_dvmd_tls.o)
                0x0000000008000220                __aeabi_ldiv0
                0x0000000008000220                __aeabi_idiv0
 *(.text*)
 .text.__do_global_dtors_aux
                0x0000000008000224       0x24 /Users/aeheigl/Library/Application Support/Code/User/globalStorage/bmd.stm32-for-vscode/@xpack-dev-tools/arm-none-eabi-gcc/11.3.1-1.1.2/.content/bin/../lib/gcc/arm-none-eabi/11.3.1/thumb/v7e-m+fp/hard/crtbegin.o
 .text.frame_dummy
                0x0000000008000248       0x1c /Users/aeheigl/Library/Application Support/Code/User/globalStorage/bmd.stm32-for-vscode/@xpack-dev-tools/arm-none-eabi-gcc/11.3.1-1.1.2/.content/bin/../lib/gcc/arm-none-eabi/11.3.1/thumb/v7e-m+fp/hard/crtbegin.o
 .text.DC_MOTOR_Init
                0x0000000008000264      0x1e0 build/DC_MOTOR.o
                0x0000000008000264                DC_MOTOR_Init
 .text.DC_MOTOR_Start
                0x0000000008000444       0x90 build/DC_MOTOR.o
                0x0000000008000444                DC_MOTOR_Start
 .text.DC_MOTOR_Set_Speed
                0x00000000080004d4       0x48 build/DC_MOTOR.o
                0x00000000080004d4                DC_MOTOR_Set_Speed
 .text.DWT_Delay_Init
                0x000000000800051c       0x48 build/DHT.o
                0x000000000800051c                DWT_Delay_Init
 .text.Set_Pin_Output
                0x0000000008000564       0x22 build/DHT.o
                0x0000000008000564                Set_Pin_Output
 .text.Set_Pin_Input
                0x0000000008000586       0x1e build/DHT.o
                0x0000000008000586                Set_Pin_Input
 .text.DHT_Start
                0x00000000080005a4       0x7c build/DHT.o
                0x00000000080005a4                DHT_Start
 .text.DHT_Check_Response
                0x0000000008000620       0x7c build/DHT.o
                0x0000000008000620                DHT_Check_Response
 .text.DHT_Read
                0x000000000800069c       0x80 build/DHT.o
                0x000000000800069c                DHT_Read
 .text.DHT_GetData
                0x000000000800071c       0x90 build/DHT.o
                0x000000000800071c                DHT_GetData
 .text.MX_ADC1_Init
                0x00000000080007ac       0x84 build/adc.o
                0x00000000080007ac                MX_ADC1_Init
 .text.HAL_ADC_MspInit
                0x0000000008000830       0x60 build/adc.o
                0x0000000008000830                HAL_ADC_MspInit
 .text.StartDefaultTask
                0x0000000008000890       0x7c build/app_freertos.o
                0x0000000008000890                StartDefaultTask
 .text.checkADCCallBack
                0x000000000800090c       0x7c build/app_freertos.o
                0x000000000800090c                checkADCCallBack
 .text.Display_Temp
                0x0000000008000988       0x38 build/app_freertos.o
                0x0000000008000988                Display_Temp
 .text.tempCheckCallBack
                0x00000000080009c0       0x30 build/app_freertos.o
                0x00000000080009c0                tempCheckCallBack
 .text.MX_FREERTOS_Init
                0x00000000080009f0       0x58 build/app_freertos.o
                0x00000000080009f0                MX_FREERTOS_Init
 .text.MX_GPIO_Init
                0x0000000008000a48      0x100 build/gpio.o
                0x0000000008000a48                MX_GPIO_Init
 .text.DWT_Delay_Init
                0x0000000008000b48       0x48 build/lcd16x2.o
 .text.lcd16x2_rs
                0x0000000008000b90       0x1c build/lcd16x2.o
 .text.lcd16x2_enablePulse
                0x0000000008000bac       0x70 build/lcd16x2.o
 .text.lcd16x2_write
                0x0000000008000c1c      0x140 build/lcd16x2.o
 .text.lcd16x2_writeCommand
                0x0000000008000d5c       0x12 build/lcd16x2.o
 .text.lcd16x2_writeData
                0x0000000008000d6e       0x12 build/lcd16x2.o
 .text.lcd16x2_write4
                0x0000000008000d80       0x60 build/lcd16x2.o
 .text.lcd16x2_init_4bits
                0x0000000008000de0       0xc4 build/lcd16x2.o
                0x0000000008000de0                lcd16x2_init_4bits
 .text.lcd16x2_setCursor
                0x0000000008000ea4       0x1c build/lcd16x2.o
                0x0000000008000ea4                lcd16x2_setCursor
 .text.lcd16x2_1stLine
                0x0000000008000ec0        0xc build/lcd16x2.o
                0x0000000008000ec0                lcd16x2_1stLine
 .text.lcd16x2_2ndLine
                0x0000000008000ecc        0xc build/lcd16x2.o
                0x0000000008000ecc                lcd16x2_2ndLine
 .text.lcd16x2_clear
                0x0000000008000ed8       0x10 build/lcd16x2.o
                0x0000000008000ed8                lcd16x2_clear
 .text.lcd16x2_printf
                0x0000000008000ee8       0x42 build/lcd16x2.o
                0x0000000008000ee8                lcd16x2_printf
 .text.Error_Handler
                0x0000000008000f2a        0x4 build/main.o
                0x0000000008000f2a                Error_Handler
 .text.SystemClock_Config
                0x0000000008000f2e       0xc0 build/main.o
                0x0000000008000f2e                SystemClock_Config
 .text.PeriphCommonClock_Config
                0x0000000008000fee       0x4e build/main.o
                0x0000000008000fee                PeriphCommonClock_Config
 .text.main     0x000000000800103c       0x2c build/main.o
                0x000000000800103c                main
 .text.HAL_MspInit
                0x0000000008001068       0x10 build/stm32wbxx_hal_msp.o
                0x0000000008001068                HAL_MspInit
 .text.NMI_Handler
                0x0000000008001078        0x2 build/stm32wbxx_it.o
                0x0000000008001078                NMI_Handler
 .text.HardFault_Handler
                0x000000000800107a        0x2 build/stm32wbxx_it.o
                0x000000000800107a                HardFault_Handler
 .text.MemManage_Handler
                0x000000000800107c        0x2 build/stm32wbxx_it.o
                0x000000000800107c                MemManage_Handler
 .text.BusFault_Handler
                0x000000000800107e        0x2 build/stm32wbxx_it.o
                0x000000000800107e                BusFault_Handler
 .text.UsageFault_Handler
                0x0000000008001080        0x2 build/stm32wbxx_it.o
                0x0000000008001080                UsageFault_Handler
 .text.DebugMon_Handler
                0x0000000008001082        0x2 build/stm32wbxx_it.o
                0x0000000008001082                DebugMon_Handler
 .text.SysTick_Handler
                0x0000000008001084       0x16 build/stm32wbxx_it.o
                0x0000000008001084                SysTick_Handler
 *fill*         0x000000000800109a        0x2 
 .text.SystemInit
                0x000000000800109c       0x64 build/system_stm32wbxx.o
                0x000000000800109c                SystemInit
 .text.HAL_TIM_Base_MspInit
                0x0000000008001100       0x26 build/tim.o
                0x0000000008001100                HAL_TIM_Base_MspInit
 .text.HAL_TIM_MspPostInit
                0x0000000008001126       0x4a build/tim.o
                0x0000000008001126                HAL_TIM_MspPostInit
 .text.MX_TIM2_Init
                0x0000000008001170       0xac build/tim.o
                0x0000000008001170                MX_TIM2_Init
 .text.MX_USART1_UART_Init
                0x000000000800121c       0x6c build/usart.o
                0x000000000800121c                MX_USART1_UART_Init
 .text.HAL_UART_MspInit
                0x0000000008001288       0x88 build/usart.o
                0x0000000008001288                HAL_UART_MspInit
 .text.MX_USB_PCD_Init
                0x0000000008001310       0x34 build/usb.o
                0x0000000008001310                MX_USB_PCD_Init
 .text.HAL_PCD_MspInit
                0x0000000008001344       0x64 build/usb.o
                0x0000000008001344                HAL_PCD_MspInit
 .text.HAL_InitTick
                0x00000000080013a8       0x50 build/stm32wbxx_hal.o
                0x00000000080013a8                HAL_InitTick
 .text.HAL_Init
                0x00000000080013f8       0x2c build/stm32wbxx_hal.o
                0x00000000080013f8                HAL_Init
 .text.HAL_IncTick
                0x0000000008001424       0x18 build/stm32wbxx_hal.o
                0x0000000008001424                HAL_IncTick
 .text.HAL_GetTick
                0x000000000800143c        0xc build/stm32wbxx_hal.o
                0x000000000800143c                HAL_GetTick
 .text.HAL_GetTickPrio
                0x0000000008001448        0xc build/stm32wbxx_hal.o
                0x0000000008001448                HAL_GetTickPrio
 .text.HAL_Delay
                0x0000000008001454       0x28 build/stm32wbxx_hal.o
                0x0000000008001454                HAL_Delay
 .text.HAL_ADC_Init
                0x000000000800147c      0x1dc build/stm32wbxx_hal_adc.o
                0x000000000800147c                HAL_ADC_Init
 .text.HAL_ADC_PollForConversion
                0x0000000008001658       0xb4 build/stm32wbxx_hal_adc.o
                0x0000000008001658                HAL_ADC_PollForConversion
 .text.HAL_ADC_GetValue
                0x000000000800170c        0x6 build/stm32wbxx_hal_adc.o
                0x000000000800170c                HAL_ADC_GetValue
 *fill*         0x0000000008001712        0x2 
 .text.HAL_ADC_ConfigChannel
                0x0000000008001714      0x494 build/stm32wbxx_hal_adc.o
                0x0000000008001714                HAL_ADC_ConfigChannel
 .text.ADC_Enable
                0x0000000008001ba8       0xd0 build/stm32wbxx_hal_adc.o
                0x0000000008001ba8                ADC_Enable
 .text.HAL_ADC_Start
                0x0000000008001c78       0x78 build/stm32wbxx_hal_adc.o
                0x0000000008001c78                HAL_ADC_Start
 .text.HAL_NVIC_SetPriorityGrouping
                0x0000000008001cf0       0x24 build/stm32wbxx_hal_cortex.o
                0x0000000008001cf0                HAL_NVIC_SetPriorityGrouping
 .text.HAL_NVIC_SetPriority
                0x0000000008001d14       0x70 build/stm32wbxx_hal_cortex.o
                0x0000000008001d14                HAL_NVIC_SetPriority
 .text.HAL_SYSTICK_Config
                0x0000000008001d84       0x28 build/stm32wbxx_hal_cortex.o
                0x0000000008001d84                HAL_SYSTICK_Config
 .text.HAL_GPIO_Init
                0x0000000008001dac      0x1b4 build/stm32wbxx_hal_gpio.o
                0x0000000008001dac                HAL_GPIO_Init
 .text.HAL_GPIO_ReadPin
                0x0000000008001f60        0xe build/stm32wbxx_hal_gpio.o
                0x0000000008001f60                HAL_GPIO_ReadPin
 .text.HAL_GPIO_WritePin
                0x0000000008001f6e        0xa build/stm32wbxx_hal_gpio.o
                0x0000000008001f6e                HAL_GPIO_WritePin
 .text.HAL_PCD_Init
                0x0000000008001f78       0xdc build/stm32wbxx_hal_pcd.o
                0x0000000008001f78                HAL_PCD_Init
 .text.HAL_PCDEx_ActivateLPM
                0x0000000008002054       0x2c build/stm32wbxx_hal_pcd_ex.o
                0x0000000008002054                HAL_PCDEx_ActivateLPM
 .text.HAL_PWR_EnableBkUpAccess
                0x0000000008002080       0x10 build/stm32wbxx_hal_pwr.o
                0x0000000008002080                HAL_PWR_EnableBkUpAccess
 .text.HAL_PWREx_GetVoltageRange
                0x0000000008002090       0x10 build/stm32wbxx_hal_pwr_ex.o
                0x0000000008002090                HAL_PWREx_GetVoltageRange
 .text.RCC_SetFlashLatency
                0x00000000080020a0       0xc0 build/stm32wbxx_hal_rcc.o
 .text.RCC_SetFlashLatencyFromMSIRange
                0x0000000008002160       0x4c build/stm32wbxx_hal_rcc.o
 .text.HAL_RCC_GetSysClockFreq
                0x00000000080021ac       0xc0 build/stm32wbxx_hal_rcc.o
                0x00000000080021ac                HAL_RCC_GetSysClockFreq
 .text.HAL_RCC_GetHCLKFreq
                0x000000000800226c       0x20 build/stm32wbxx_hal_rcc.o
                0x000000000800226c                HAL_RCC_GetHCLKFreq
 .text.HAL_RCC_OscConfig
                0x000000000800228c      0x718 build/stm32wbxx_hal_rcc.o
                0x000000000800228c                HAL_RCC_OscConfig
 .text.HAL_RCC_ClockConfig
                0x00000000080029a4      0x264 build/stm32wbxx_hal_rcc.o
                0x00000000080029a4                HAL_RCC_ClockConfig
 .text.HAL_RCC_GetPCLK1Freq
                0x0000000008002c08       0x24 build/stm32wbxx_hal_rcc.o
                0x0000000008002c08                HAL_RCC_GetPCLK1Freq
 .text.HAL_RCC_GetPCLK2Freq
                0x0000000008002c2c       0x24 build/stm32wbxx_hal_rcc.o
                0x0000000008002c2c                HAL_RCC_GetPCLK2Freq
 .text.RCCEx_PLLSAI1_ConfigNP
                0x0000000008002c50       0x8e build/stm32wbxx_hal_rcc_ex.o
 .text.RCCEx_PLLSAI1_ConfigNQ
                0x0000000008002cde       0x8e build/stm32wbxx_hal_rcc_ex.o
 .text.RCCEx_PLLSAI1_ConfigNR
                0x0000000008002d6c       0x8e build/stm32wbxx_hal_rcc_ex.o
 .text.HAL_RCCEx_PeriphCLKConfig
                0x0000000008002dfa      0x326 build/stm32wbxx_hal_rcc_ex.o
                0x0000000008002dfa                HAL_RCCEx_PeriphCLKConfig
 .text.HAL_RCCEx_EnableMSIPLLMode
                0x0000000008003120        0xe build/stm32wbxx_hal_rcc_ex.o
                0x0000000008003120                HAL_RCCEx_EnableMSIPLLMode
 *fill*         0x000000000800312e        0x2 
 .text.TIM_OC1_SetConfig
                0x0000000008003130       0x7c build/stm32wbxx_hal_tim.o
 .text.TIM_OC3_SetConfig
                0x00000000080031ac       0x74 build/stm32wbxx_hal_tim.o
 .text.TIM_OC4_SetConfig
                0x0000000008003220       0x5c build/stm32wbxx_hal_tim.o
 .text.TIM_OC5_SetConfig
                0x000000000800327c       0x58 build/stm32wbxx_hal_tim.o
 .text.TIM_OC6_SetConfig
                0x00000000080032d4       0x5c build/stm32wbxx_hal_tim.o
 .text.TIM_TI1_ConfigInputStage
                0x0000000008003330       0x26 build/stm32wbxx_hal_tim.o
 .text.TIM_TI2_ConfigInputStage
                0x0000000008003356       0x28 build/stm32wbxx_hal_tim.o
 .text.TIM_ITRx_SetConfig
                0x000000000800337e       0x14 build/stm32wbxx_hal_tim.o
 *fill*         0x0000000008003392        0x2 
 .text.HAL_TIM_Base_Start
                0x0000000008003394       0x5c build/stm32wbxx_hal_tim.o
                0x0000000008003394                HAL_TIM_Base_Start
 .text.HAL_TIM_PWM_MspInit
                0x00000000080033f0        0x2 build/stm32wbxx_hal_tim.o
                0x00000000080033f0                HAL_TIM_PWM_MspInit
 *fill*         0x00000000080033f2        0x2 
 .text.TIM_Base_SetConfig
                0x00000000080033f4       0x70 build/stm32wbxx_hal_tim.o
                0x00000000080033f4                TIM_Base_SetConfig
 .text.HAL_TIM_Base_Init
                0x0000000008003464       0x60 build/stm32wbxx_hal_tim.o
                0x0000000008003464                HAL_TIM_Base_Init
 .text.HAL_TIM_PWM_Init
                0x00000000080034c4       0x60 build/stm32wbxx_hal_tim.o
                0x00000000080034c4                HAL_TIM_PWM_Init
 .text.TIM_OC2_SetConfig
                0x0000000008003524       0x78 build/stm32wbxx_hal_tim.o
                0x0000000008003524                TIM_OC2_SetConfig
 .text.HAL_TIM_PWM_ConfigChannel
                0x000000000800359c      0x13a build/stm32wbxx_hal_tim.o
                0x000000000800359c                HAL_TIM_PWM_ConfigChannel
 .text.TIM_ETR_SetConfig
                0x00000000080036d6       0x1a build/stm32wbxx_hal_tim.o
                0x00000000080036d6                TIM_ETR_SetConfig
 .text.HAL_TIM_ConfigClockSource
                0x00000000080036f0      0x100 build/stm32wbxx_hal_tim.o
                0x00000000080036f0                HAL_TIM_ConfigClockSource
 .text.TIM_CCxChannelCmd
                0x00000000080037f0       0x1e build/stm32wbxx_hal_tim.o
                0x00000000080037f0                TIM_CCxChannelCmd
 *fill*         0x000000000800380e        0x2 
 .text.HAL_TIM_PWM_Start
                0x0000000008003810      0x130 build/stm32wbxx_hal_tim.o
                0x0000000008003810                HAL_TIM_PWM_Start
 .text.HAL_TIMEx_MasterConfigSynchronization
                0x0000000008003940       0x68 build/stm32wbxx_hal_tim_ex.o
                0x0000000008003940                HAL_TIMEx_MasterConfigSynchronization
 .text.UART_SetConfig
                0x00000000080039a8      0x25c build/stm32wbxx_hal_uart.o
                0x00000000080039a8                UART_SetConfig
 .text.UART_AdvFeatureConfig
                0x0000000008003c04       0xca build/stm32wbxx_hal_uart.o
                0x0000000008003c04                UART_AdvFeatureConfig
 .text.UART_WaitOnFlagUntilTimeout
                0x0000000008003cce       0xd8 build/stm32wbxx_hal_uart.o
                0x0000000008003cce                UART_WaitOnFlagUntilTimeout
 .text.UART_CheckIdleState
                0x0000000008003da6       0x76 build/stm32wbxx_hal_uart.o
                0x0000000008003da6                UART_CheckIdleState
 .text.HAL_UART_Init
                0x0000000008003e1c       0x66 build/stm32wbxx_hal_uart.o
                0x0000000008003e1c                HAL_UART_Init
 *fill*         0x0000000008003e82        0x2 
 .text.UARTEx_SetNbDataToProcess
                0x0000000008003e84       0x4c build/stm32wbxx_hal_uart_ex.o
 .text.HAL_UARTEx_DisableFifoMode
                0x0000000008003ed0       0x3e build/stm32wbxx_hal_uart_ex.o
                0x0000000008003ed0                HAL_UARTEx_DisableFifoMode
 .text.HAL_UARTEx_SetTxFifoThreshold
                0x0000000008003f0e       0x4a build/stm32wbxx_hal_uart_ex.o
                0x0000000008003f0e                HAL_UARTEx_SetTxFifoThreshold
 .text.HAL_UARTEx_SetRxFifoThreshold
                0x0000000008003f58       0x4a build/stm32wbxx_hal_uart_ex.o
                0x0000000008003f58                HAL_UARTEx_SetRxFifoThreshold
 .text.USB_DisableGlobalInt
                0x0000000008003fa2       0x14 build/stm32wbxx_ll_usb.o
                0x0000000008003fa2                USB_DisableGlobalInt
 .text.USB_DevInit
                0x0000000008003fb6       0x22 build/stm32wbxx_ll_usb.o
                0x0000000008003fb6                USB_DevInit
 .text.TimerCallback
                0x0000000008003fd8       0x10 build/cmsis_os2.o
 .text.osKernelInitialize
                0x0000000008003fe8       0x24 build/cmsis_os2.o
                0x0000000008003fe8                osKernelInitialize
 .text.osKernelStart
                0x000000000800400c       0x38 build/cmsis_os2.o
                0x000000000800400c                osKernelStart
 .text.osThreadNew
                0x0000000008004044       0xbc build/cmsis_os2.o
                0x0000000008004044                osThreadNew
 .text.osDelay  0x0000000008004100       0x1c build/cmsis_os2.o
                0x0000000008004100                osDelay
 .text.osTimerNew
                0x000000000800411c       0xa8 build/cmsis_os2.o
                0x000000000800411c                osTimerNew
 .text.osTimerStart
                0x00000000080041c4       0x34 build/cmsis_os2.o
                0x00000000080041c4                osTimerStart
 .text.vApplicationGetIdleTaskMemory
                0x00000000080041f8       0x18 build/cmsis_os2.o
                0x00000000080041f8                vApplicationGetIdleTaskMemory
 .text.vApplicationGetTimerTaskMemory
                0x0000000008004210       0x18 build/cmsis_os2.o
                0x0000000008004210                vApplicationGetTimerTaskMemory
 .text.vListInitialise
                0x0000000008004228       0x16 build/list.o
                0x0000000008004228                vListInitialise
 .text.vListInitialiseItem
                0x000000000800423e        0x6 build/list.o
                0x000000000800423e                vListInitialiseItem
 .text.vListInsertEnd
                0x0000000008004244       0x16 build/list.o
                0x0000000008004244                vListInsertEnd
 .text.vListInsert
                0x000000000800425a       0x32 build/list.o
                0x000000000800425a                vListInsert
 .text.uxListRemove
                0x000000000800428c       0x26 build/list.o
                0x000000000800428c                uxListRemove
 *fill*         0x00000000080042b2        0x2 
 .text.prvTaskExitError
                0x00000000080042b4       0x40 build/port.o
 .text.prvPortStartFirstTask
                0x00000000080042f4       0x28 build/port.o
 .text.vPortEnableVFP
                0x000000000800431c       0x14 build/port.o
 .text.pxPortInitialiseStack
                0x0000000008004330       0x2c build/port.o
                0x0000000008004330                pxPortInitialiseStack
 *fill*         0x000000000800435c        0x4 
 .text.SVC_Handler
                0x0000000008004360       0x24 build/port.o
                0x0000000008004360                SVC_Handler
 .text.vPortEnterCritical
                0x0000000008004384       0x44 build/port.o
                0x0000000008004384                vPortEnterCritical
 .text.vPortExitCritical
                0x00000000080043c8       0x2c build/port.o
                0x00000000080043c8                vPortExitCritical
 *fill*         0x00000000080043f4        0xc 
 .text.PendSV_Handler
                0x0000000008004400       0x64 build/port.o
                0x0000000008004400                PendSV_Handler
 .text.xPortSysTickHandler
                0x0000000008004464       0x2c build/port.o
                0x0000000008004464                xPortSysTickHandler
 .text.vPortSetupTimerInterrupt
                0x0000000008004490       0x28 build/port.o
                0x0000000008004490                vPortSetupTimerInterrupt
 .text.xPortStartScheduler
                0x00000000080044b8      0x118 build/port.o
                0x00000000080044b8                xPortStartScheduler
 .text.vPortValidateInterruptPriority
                0x00000000080045d0       0x5c build/port.o
                0x00000000080045d0                vPortValidateInterruptPriority
 .text.prvHeapInit
                0x000000000800462c       0x64 build/heap_4.o
 .text.prvInsertBlockIntoFreeList
                0x0000000008004690       0x64 build/heap_4.o
 .text.pvPortMalloc
                0x00000000080046f4       0xfc build/heap_4.o
                0x00000000080046f4                pvPortMalloc
 .text.vPortFree
                0x00000000080047f0       0x7c build/heap_4.o
                0x00000000080047f0                vPortFree
 .text.prvIsQueueFull
                0x000000000800486c       0x1e build/queue.o
 .text.prvIsQueueEmpty
                0x000000000800488a       0x1a build/queue.o
 .text.prvCopyDataToQueue
                0x00000000080048a4       0x76 build/queue.o
 .text.prvCopyDataFromQueue
                0x000000000800491a       0x24 build/queue.o
 .text.prvUnlockQueue
                0x000000000800493e       0x6e build/queue.o
 .text.xQueueGenericReset
                0x00000000080049ac       0x84 build/queue.o
                0x00000000080049ac                xQueueGenericReset
 .text.prvInitialiseNewQueue
                0x0000000008004a30       0x22 build/queue.o
 .text.xQueueGenericCreateStatic
                0x0000000008004a52       0x94 build/queue.o
                0x0000000008004a52                xQueueGenericCreateStatic
 .text.xQueueGenericSend
                0x0000000008004ae6      0x188 build/queue.o
                0x0000000008004ae6                xQueueGenericSend
 .text.xQueueGenericSendFromISR
                0x0000000008004c6e       0xce build/queue.o
                0x0000000008004c6e                xQueueGenericSendFromISR
 .text.xQueueReceive
                0x0000000008004d3c      0x15e build/queue.o
                0x0000000008004d3c                xQueueReceive
 *fill*         0x0000000008004e9a        0x2 
 .text.vQueueAddToRegistry
                0x0000000008004e9c       0x28 build/queue.o
                0x0000000008004e9c                vQueueAddToRegistry
 .text.vQueueWaitForMessageRestricted
                0x0000000008004ec4       0x52 build/queue.o
                0x0000000008004ec4                vQueueWaitForMessageRestricted
 *fill*         0x0000000008004f16        0x2 
 .text.prvResetNextTaskUnblockTime
                0x0000000008004f18       0x2c build/tasks.o
 .text.prvInitialiseNewTask
                0x0000000008004f44       0xa2 build/tasks.o
 *fill*         0x0000000008004fe6        0x2 
 .text.prvInitialiseTaskLists
                0x0000000008004fe8       0x68 build/tasks.o
 .text.prvAddNewTaskToReadyList
                0x0000000008005050       0xac build/tasks.o
 .text.prvDeleteTCB
                0x00000000080050fc       0x38 build/tasks.o
 .text.prvCheckTasksWaitingTermination
                0x0000000008005134       0x4c build/tasks.o
 .text.prvIdleTask
                0x0000000008005180       0x28 build/tasks.o
 .text.prvAddCurrentTaskToDelayedList
                0x00000000080051a8       0x7c build/tasks.o
 .text.xTaskCreateStatic
                0x0000000008005224       0x76 build/tasks.o
                0x0000000008005224                xTaskCreateStatic
 .text.xTaskCreate
                0x000000000800529a       0x68 build/tasks.o
                0x000000000800529a                xTaskCreate
 *fill*         0x0000000008005302        0x2 
 .text.vTaskStartScheduler
                0x0000000008005304       0x9c build/tasks.o
                0x0000000008005304                vTaskStartScheduler
 .text.vTaskSuspendAll
                0x00000000080053a0       0x10 build/tasks.o
                0x00000000080053a0                vTaskSuspendAll
 .text.xTaskGetTickCount
                0x00000000080053b0        0xc build/tasks.o
                0x00000000080053b0                xTaskGetTickCount
 .text.xTaskIncrementTick
                0x00000000080053bc      0x118 build/tasks.o
                0x00000000080053bc                xTaskIncrementTick
 .text.xTaskResumeAll
                0x00000000080054d4       0xf8 build/tasks.o
                0x00000000080054d4                xTaskResumeAll
 .text.vTaskDelay
                0x00000000080055cc       0x4c build/tasks.o
                0x00000000080055cc                vTaskDelay
 .text.vTaskSwitchContext
                0x0000000008005618       0x94 build/tasks.o
                0x0000000008005618                vTaskSwitchContext
 .text.vTaskPlaceOnEventList
                0x00000000080056ac       0x30 build/tasks.o
                0x00000000080056ac                vTaskPlaceOnEventList
 .text.vTaskPlaceOnEventListRestricted
                0x00000000080056dc       0x38 build/tasks.o
                0x00000000080056dc                vTaskPlaceOnEventListRestricted
 .text.xTaskRemoveFromEventList
                0x0000000008005714       0x8c build/tasks.o
                0x0000000008005714                xTaskRemoveFromEventList
 .text.vTaskInternalSetTimeOutState
                0x00000000080057a0       0x18 build/tasks.o
                0x00000000080057a0                vTaskInternalSetTimeOutState
 .text.xTaskCheckForTimeOut
                0x00000000080057b8       0x84 build/tasks.o
                0x00000000080057b8                xTaskCheckForTimeOut
 .text.vTaskMissedYield
                0x000000000800583c        0xc build/tasks.o
                0x000000000800583c                vTaskMissedYield
 .text.xTaskGetSchedulerState
                0x0000000008005848       0x20 build/tasks.o
                0x0000000008005848                xTaskGetSchedulerState
 .text.xTaskPriorityDisinherit
                0x0000000008005868       0x90 build/tasks.o
                0x0000000008005868                xTaskPriorityDisinherit
 .text.prvGetNextExpireTime
                0x00000000080058f8       0x20 build/timers.o
 .text.prvInsertTimerInActiveList
                0x0000000008005918       0x48 build/timers.o
 .text.prvCheckForValidListAndQueue
                0x0000000008005960       0x70 build/timers.o
 .text.prvInitialiseNewTimer
                0x00000000080059d0       0x4c build/timers.o
 .text.xTimerCreateTimerTask
                0x0000000008005a1c       0x64 build/timers.o
                0x0000000008005a1c                xTimerCreateTimerTask
 .text.xTimerCreate
                0x0000000008005a80       0x38 build/timers.o
                0x0000000008005a80                xTimerCreate
 .text.xTimerCreateStatic
                0x0000000008005ab8       0x54 build/timers.o
                0x0000000008005ab8                xTimerCreateStatic
 .text.xTimerGenericCommand
                0x0000000008005b0c       0x6c build/timers.o
                0x0000000008005b0c                xTimerGenericCommand
 .text.prvSwitchTimerLists
                0x0000000008005b78       0x7c build/timers.o
 .text.prvSampleTimeNow
                0x0000000008005bf4       0x2c build/timers.o
 .text.prvProcessExpiredTimer
                0x0000000008005c20       0x6c build/timers.o
 .text.prvProcessTimerOrBlockTask
                0x0000000008005c8c       0x74 build/timers.o
 .text.prvProcessReceivedCommands
                0x0000000008005d00      0x10c build/timers.o
 .text.prvTimerTask
                0x0000000008005e0c       0x16 build/timers.o
 .text.pvTimerGetTimerID
                0x0000000008005e22       0x26 build/timers.o
                0x0000000008005e22                pvTimerGetTimerID
 .text.data_initializers
                0x0000000008005e48       0x18 build/startup_stm32wb55xx_cm4.o
 .text.Reset_Handler
                0x0000000008005e60       0x58 build/startup_stm32wb55xx_cm4.o
                0x0000000008005e60                Reset_Handler
 .text.Default_Handler
                0x0000000008005eb8        0x2 build/startup_stm32wb55xx_cm4.o
                0x0000000008005eb8                DMA2_Channel3_IRQHandler
                0x0000000008005eb8                EXTI2_IRQHandler
                0x0000000008005eb8                TIM1_CC_IRQHandler
                0x0000000008005eb8                TSC_IRQHandler
                0x0000000008005eb8                USB_HP_IRQHandler
                0x0000000008005eb8                EXTI3_IRQHandler
                0x0000000008005eb8                LPTIM2_IRQHandler
                0x0000000008005eb8                I2C3_ER_IRQHandler
                0x0000000008005eb8                EXTI0_IRQHandler
                0x0000000008005eb8                FPU_IRQHandler
                0x0000000008005eb8                TIM1_UP_TIM16_IRQHandler
                0x0000000008005eb8                AES1_IRQHandler
                0x0000000008005eb8                SPI1_IRQHandler
                0x0000000008005eb8                PWR_SOTF_BLEACT_802ACT_RFPHASE_IRQHandler
                0x0000000008005eb8                DMA2_Channel2_IRQHandler
                0x0000000008005eb8                DMA1_Channel4_IRQHandler
                0x0000000008005eb8                ADC1_IRQHandler
                0x0000000008005eb8                PKA_IRQHandler
                0x0000000008005eb8                DMA1_Channel7_IRQHandler
                0x0000000008005eb8                LCD_IRQHandler
                0x0000000008005eb8                IPCC_C1_TX_IRQHandler
                0x0000000008005eb8                DMA2_Channel1_IRQHandler
                0x0000000008005eb8                QUADSPI_IRQHandler
                0x0000000008005eb8                I2C1_EV_IRQHandler
                0x0000000008005eb8                DMAMUX1_OVR_IRQHandler
                0x0000000008005eb8                DMA1_Channel6_IRQHandler
                0x0000000008005eb8                DMA2_Channel4_IRQHandler
                0x0000000008005eb8                RCC_IRQHandler
                0x0000000008005eb8                DMA1_Channel1_IRQHandler
                0x0000000008005eb8                Default_Handler
                0x0000000008005eb8                DMA2_Channel7_IRQHandler
                0x0000000008005eb8                EXTI15_10_IRQHandler
                0x0000000008005eb8                IPCC_C1_RX_IRQHandler
                0x0000000008005eb8                C2SEV_PWR_C2H_IRQHandler
                0x0000000008005eb8                AES2_IRQHandler
                0x0000000008005eb8                I2C3_EV_IRQHandler
                0x0000000008005eb8                EXTI9_5_IRQHandler
                0x0000000008005eb8                RTC_WKUP_IRQHandler
                0x0000000008005eb8                PVD_PVM_IRQHandler
                0x0000000008005eb8                SPI2_IRQHandler
                0x0000000008005eb8                DMA2_Channel5_IRQHandler
                0x0000000008005eb8                CRS_IRQHandler
                0x0000000008005eb8                DMA1_Channel5_IRQHandler
                0x0000000008005eb8                USB_LP_IRQHandler
                0x0000000008005eb8                EXTI4_IRQHandler
                0x0000000008005eb8                RNG_IRQHandler
                0x0000000008005eb8                TIM1_TRG_COM_TIM17_IRQHandler
                0x0000000008005eb8                TAMP_STAMP_LSECSS_IRQHandler
                0x0000000008005eb8                DMA1_Channel3_IRQHandler
                0x0000000008005eb8                COMP_IRQHandler
                0x0000000008005eb8                HSEM_IRQHandler
                0x0000000008005eb8                WWDG_IRQHandler
                0x0000000008005eb8                LPUART1_IRQHandler
                0x0000000008005eb8                DMA2_Channel6_IRQHandler
                0x0000000008005eb8                TIM2_IRQHandler
                0x0000000008005eb8                TIM1_BRK_IRQHandler
                0x0000000008005eb8                EXTI1_IRQHandler
                0x0000000008005eb8                DMA1_Channel2_IRQHandler
                0x0000000008005eb8                FLASH_IRQHandler
                0x0000000008005eb8                USART1_IRQHandler
                0x0000000008005eb8                I2C1_ER_IRQHandler
                0x0000000008005eb8                LPTIM1_IRQHandler
                0x0000000008005eb8                SAI1_IRQHandler
                0x0000000008005eb8                RTC_Alarm_IRQHandler
 *fill*         0x0000000008005eba        0x2 
 .text._vsprintf_r
                0x0000000008005ebc       0x2c /Users/aeheigl/Library/Application Support/Code/User/globalStorage/bmd.stm32-for-vscode/@xpack-dev-tools/arm-none-eabi-gcc/11.3.1-1.1.2/.content/bin/../lib/gcc/arm-none-eabi/11.3.1/../../../../arm-none-eabi/lib/thumb/v7e-m+fp/hard/libc_nano.a(libc_a-vsprintf.o)
                0x0000000008005ebc                _vsiprintf_r
                0x0000000008005ebc                _vsprintf_r
 .text.vsprintf
                0x0000000008005ee8       0x14 /Users/aeheigl/Library/Application Support/Code/User/globalStorage/bmd.stm32-for-vscode/@xpack-dev-tools/arm-none-eabi-gcc/11.3.1-1.1.2/.content/bin/../lib/gcc/arm-none-eabi/11.3.1/../../../../arm-none-eabi/lib/thumb/v7e-m+fp/hard/libc_nano.a(libc_a-vsprintf.o)
                0x0000000008005ee8                vsprintf
                0x0000000008005ee8                vsiprintf
 .text.memset   0x0000000008005efc       0x10 /Users/aeheigl/Library/Application Support/Code/User/globalStorage/bmd.stm32-for-vscode/@xpack-dev-tools/arm-none-eabi-gcc/11.3.1-1.1.2/.content/bin/../lib/gcc/arm-none-eabi/11.3.1/../../../../arm-none-eabi/lib/thumb/v7e-m+fp/hard/libc_nano.a(libc_a-memset.o)
                0x0000000008005efc                memset
 .text.__libc_init_array
                0x0000000008005f0c       0x48 /Users/aeheigl/Library/Application Support/Code/User/globalStorage/bmd.stm32-for-vscode/@xpack-dev-tools/arm-none-eabi-gcc/11.3.1-1.1.2/.content/bin/../lib/gcc/arm-none-eabi/11.3.1/../../../../arm-none-eabi/lib/thumb/v7e-m+fp/hard/libc_nano.a(libc_a-init.o)
                0x0000000008005f0c                __libc_init_array
 .text.__retarget_lock_acquire_recursive
                0x0000000008005f54        0x2 /Users/aeheigl/Library/Application Support/Code/User/globalStorage/bmd.stm32-for-vscode/@xpack-dev-tools/arm-none-eabi-gcc/11.3.1-1.1.2/.content/bin/../lib/gcc/arm-none-eabi/11.3.1/../../../../arm-none-eabi/lib/thumb/v7e-m+fp/hard/libc_nano.a(libc_a-lock.o)
                0x0000000008005f54                __retarget_lock_acquire_recursive
 .text.__retarget_lock_release_recursive
                0x0000000008005f56        0x2 /Users/aeheigl/Library/Application Support/Code/User/globalStorage/bmd.stm32-for-vscode/@xpack-dev-tools/arm-none-eabi-gcc/11.3.1-1.1.2/.content/bin/../lib/gcc/arm-none-eabi/11.3.1/../../../../arm-none-eabi/lib/thumb/v7e-m+fp/hard/libc_nano.a(libc_a-lock.o)
                0x0000000008005f56                __retarget_lock_release_recursive
 .text.memcpy   0x0000000008005f58       0x1c /Users/aeheigl/Library/Application Support/Code/User/globalStorage/bmd.stm32-for-vscode/@xpack-dev-tools/arm-none-eabi-gcc/11.3.1-1.1.2/.content/bin/../lib/gcc/arm-none-eabi/11.3.1/../../../../arm-none-eabi/lib/thumb/v7e-m+fp/hard/libc_nano.a(libc_a-memcpy-stub.o)
                0x0000000008005f58                memcpy
 .text._free_r  0x0000000008005f74       0x98 /Users/aeheigl/Library/Application Support/Code/User/globalStorage/bmd.stm32-for-vscode/@xpack-dev-tools/arm-none-eabi-gcc/11.3.1-1.1.2/.content/bin/../lib/gcc/arm-none-eabi/11.3.1/../../../../arm-none-eabi/lib/thumb/v7e-m+fp/hard/libc_nano.a(libc_a-freer.o)
                0x0000000008005f74                _free_r
 .text.sbrk_aligned
                0x000000000800600c       0x40 /Users/aeheigl/Library/Application Support/Code/User/globalStorage/bmd.stm32-for-vscode/@xpack-dev-tools/arm-none-eabi-gcc/11.3.1-1.1.2/.content/bin/../lib/gcc/arm-none-eabi/11.3.1/../../../../arm-none-eabi/lib/thumb/v7e-m+fp/hard/libc_nano.a(libc_a-mallocr.o)
 .text._malloc_r
                0x000000000800604c       0xec /Users/aeheigl/Library/Application Support/Code/User/globalStorage/bmd.stm32-for-vscode/@xpack-dev-tools/arm-none-eabi-gcc/11.3.1-1.1.2/.content/bin/../lib/gcc/arm-none-eabi/11.3.1/../../../../arm-none-eabi/lib/thumb/v7e-m+fp/hard/libc_nano.a(libc_a-mallocr.o)
                0x000000000800604c                _malloc_r
 .text.__malloc_lock
                0x0000000008006138        0xc /Users/aeheigl/Library/Application Support/Code/User/globalStorage/bmd.stm32-for-vscode/@xpack-dev-tools/arm-none-eabi-gcc/11.3.1-1.1.2/.content/bin/../lib/gcc/arm-none-eabi/11.3.1/../../../../arm-none-eabi/lib/thumb/v7e-m+fp/hard/libc_nano.a(libc_a-mlock.o)
                0x0000000008006138                __malloc_lock
 .text.__malloc_unlock
                0x0000000008006144        0xc /Users/aeheigl/Library/Application Support/Code/User/globalStorage/bmd.stm32-for-vscode/@xpack-dev-tools/arm-none-eabi-gcc/11.3.1-1.1.2/.content/bin/../lib/gcc/arm-none-eabi/11.3.1/../../../../arm-none-eabi/lib/thumb/v7e-m+fp/hard/libc_nano.a(libc_a-mlock.o)
                0x0000000008006144                __malloc_unlock
 .text.__ssputs_r
                0x0000000008006150       0xb4 /Users/aeheigl/Library/Application Support/Code/User/globalStorage/bmd.stm32-for-vscode/@xpack-dev-tools/arm-none-eabi-gcc/11.3.1-1.1.2/.content/bin/../lib/gcc/arm-none-eabi/11.3.1/../../../../arm-none-eabi/lib/thumb/v7e-m+fp/hard/libc_nano.a(libc_a-nano-svfprintf.o)
                0x0000000008006150                __ssputs_r
 .text._svfprintf_r
                0x0000000008006204      0x1fc /Users/aeheigl/Library/Application Support/Code/User/globalStorage/bmd.stm32-for-vscode/@xpack-dev-tools/arm-none-eabi-gcc/11.3.1-1.1.2/.content/bin/../lib/gcc/arm-none-eabi/11.3.1/../../../../arm-none-eabi/lib/thumb/v7e-m+fp/hard/libc_nano.a(libc_a-nano-svfprintf.o)
                0x0000000008006204                _svfprintf_r
                0x0000000008006204                _svfiprintf_r
 .text._printf_common
                0x0000000008006400       0xda /Users/aeheigl/Library/Application Support/Code/User/globalStorage/bmd.stm32-for-vscode/@xpack-dev-tools/arm-none-eabi-gcc/11.3.1-1.1.2/.content/bin/../lib/gcc/arm-none-eabi/11.3.1/../../../../arm-none-eabi/lib/thumb/v7e-m+fp/hard/libc_nano.a(libc_a-nano-vfprintf_i.o)
                0x0000000008006400                _printf_common
 *fill*         0x00000000080064da        0x2 
 .text._printf_i
                0x00000000080064dc      0x244 /Users/aeheigl/Library/Application Support/Code/User/globalStorage/bmd.stm32-for-vscode/@xpack-dev-tools/arm-none-eabi-gcc/11.3.1-1.1.2/.content/bin/../lib/gcc/arm-none-eabi/11.3.1/../../../../arm-none-eabi/lib/thumb/v7e-m+fp/hard/libc_nano.a(libc_a-nano-vfprintf_i.o)
                0x00000000080064dc                _printf_i
 .text.memmove  0x0000000008006720       0x34 /Users/aeheigl/Library/Application Support/Code/User/globalStorage/bmd.stm32-for-vscode/@xpack-dev-tools/arm-none-eabi-gcc/11.3.1-1.1.2/.content/bin/../lib/gcc/arm-none-eabi/11.3.1/../../../../arm-none-eabi/lib/thumb/v7e-m+fp/hard/libc_nano.a(libc_a-memmove.o)
                0x0000000008006720                memmove
 .text._sbrk_r  0x0000000008006754       0x20 /Users/aeheigl/Library/Application Support/Code/User/globalStorage/bmd.stm32-for-vscode/@xpack-dev-tools/arm-none-eabi-gcc/11.3.1-1.1.2/.content/bin/../lib/gcc/arm-none-eabi/11.3.1/../../../../arm-none-eabi/lib/thumb/v7e-m+fp/hard/libc_nano.a(libc_a-sbrkr.o)
                0x0000000008006754                _sbrk_r
 .text._realloc_r
                0x0000000008006774       0x5e /Users/aeheigl/Library/Application Support/Code/User/globalStorage/bmd.stm32-for-vscode/@xpack-dev-tools/arm-none-eabi-gcc/11.3.1-1.1.2/.content/bin/../lib/gcc/arm-none-eabi/11.3.1/../../../../arm-none-eabi/lib/thumb/v7e-m+fp/hard/libc_nano.a(libc_a-reallocr.o)
                0x0000000008006774                _realloc_r
 .text._malloc_usable_size_r
                0x00000000080067d2       0x10 /Users/aeheigl/Library/Application Support/Code/User/globalStorage/bmd.stm32-for-vscode/@xpack-dev-tools/arm-none-eabi-gcc/11.3.1-1.1.2/.content/bin/../lib/gcc/arm-none-eabi/11.3.1/../../../../arm-none-eabi/lib/thumb/v7e-m+fp/hard/libc_nano.a(libc_a-msizer.o)
                0x00000000080067d2                _malloc_usable_size_r
 *fill*         0x00000000080067e2        0x2 
 .text._sbrk    0x00000000080067e4       0x1c /Users/aeheigl/Library/Application Support/Code/User/globalStorage/bmd.stm32-for-vscode/@xpack-dev-tools/arm-none-eabi-gcc/11.3.1-1.1.2/.content/bin/../lib/gcc/arm-none-eabi/11.3.1/../../../../arm-none-eabi/lib/thumb/v7e-m+fp/hard/libnosys.a(sbrk.o)
                0x00000000080067e4                _sbrk
 .text.__udivmoddi4
                0x0000000008006800      0x2c8 /Users/aeheigl/Library/Application Support/Code/User/globalStorage/bmd.stm32-for-vscode/@xpack-dev-tools/arm-none-eabi-gcc/11.3.1-1.1.2/.content/bin/../lib/gcc/arm-none-eabi/11.3.1/thumb/v7e-m+fp/hard/libgcc.a(_udivmoddi4.o)
                0x0000000008006800                __udivmoddi4
 *(.glue_7)
 .glue_7        0x0000000008006ac8        0x0 linker stubs
 *(.glue_7t)
 .glue_7t       0x0000000008006ac8        0x0 linker stubs
 *(.eh_frame)
 .eh_frame      0x0000000008006ac8        0x0 /Users/aeheigl/Library/Application Support/Code/User/globalStorage/bmd.stm32-for-vscode/@xpack-dev-tools/arm-none-eabi-gcc/11.3.1-1.1.2/.content/bin/../lib/gcc/arm-none-eabi/11.3.1/thumb/v7e-m+fp/hard/crtbegin.o
 *(.init)
 .init          0x0000000008006ac8        0x4 /Users/aeheigl/Library/Application Support/Code/User/globalStorage/bmd.stm32-for-vscode/@xpack-dev-tools/arm-none-eabi-gcc/11.3.1-1.1.2/.content/bin/../lib/gcc/arm-none-eabi/11.3.1/thumb/v7e-m+fp/hard/crti.o
                0x0000000008006ac8                _init
 .init          0x0000000008006acc        0x8 /Users/aeheigl/Library/Application Support/Code/User/globalStorage/bmd.stm32-for-vscode/@xpack-dev-tools/arm-none-eabi-gcc/11.3.1-1.1.2/.content/bin/../lib/gcc/arm-none-eabi/11.3.1/thumb/v7e-m+fp/hard/crtn.o
 *(.fini)
 .fini          0x0000000008006ad4        0x4 /Users/aeheigl/Library/Application Support/Code/User/globalStorage/bmd.stm32-for-vscode/@xpack-dev-tools/arm-none-eabi-gcc/11.3.1-1.1.2/.content/bin/../lib/gcc/arm-none-eabi/11.3.1/thumb/v7e-m+fp/hard/crti.o
                0x0000000008006ad4                _fini
 .fini          0x0000000008006ad8        0x8 /Users/aeheigl/Library/Application Support/Code/User/globalStorage/bmd.stm32-for-vscode/@xpack-dev-tools/arm-none-eabi-gcc/11.3.1-1.1.2/.content/bin/../lib/gcc/arm-none-eabi/11.3.1/thumb/v7e-m+fp/hard/crtn.o
                0x0000000008006ae0                . = ALIGN (0x4)
                0x0000000008006ae0                _etext = .

.vfp11_veneer   0x0000000008006ae0        0x0
 .vfp11_veneer  0x0000000008006ae0        0x0 linker stubs

.v4_bx          0x0000000008006ae0        0x0
 .v4_bx         0x0000000008006ae0        0x0 linker stubs

.iplt           0x0000000008006ae0        0x0
 .iplt          0x0000000008006ae0        0x0 /Users/aeheigl/Library/Application Support/Code/User/globalStorage/bmd.stm32-for-vscode/@xpack-dev-tools/arm-none-eabi-gcc/11.3.1-1.1.2/.content/bin/../lib/gcc/arm-none-eabi/11.3.1/thumb/v7e-m+fp/hard/crtbegin.o

.rodata         0x0000000008006ae0      0x204
                0x0000000008006ae0                . = ALIGN (0x4)
 *(.rodata)
 .rodata        0x0000000008006ae0       0x2c build/stm32wbxx_hal_rcc.o
 *(.rodata*)
 .rodata.DC_MOTOR_CfgParam
                0x0000000008006b0c       0x20 build/DC_MOTOR_cfg.o
                0x0000000008006b0c                DC_MOTOR_CfgParam
 .rodata.StartDefaultTask.str1.4
                0x0000000008006b2c       0x12 build/app_freertos.o
 *fill*         0x0000000008006b3e        0x2 
 .rodata.checkADCCallBack.str1.4
                0x0000000008006b40       0x11 build/app_freertos.o
 *fill*         0x0000000008006b51        0x3 
 .rodata.Display_Temp.str1.4
                0x0000000008006b54       0x11 build/app_freertos.o
 *fill*         0x0000000008006b65        0x3 
 .rodata.str1.4
                0x0000000008006b68       0x24 build/app_freertos.o
 .rodata.checkADC_attributes
                0x0000000008006b8c       0x10 build/app_freertos.o
                0x0000000008006b8c                checkADC_attributes
 .rodata.defaultTask_attributes
                0x0000000008006b9c       0x24 build/app_freertos.o
                0x0000000008006b9c                defaultTask_attributes
 .rodata.tempCheck_attributes
                0x0000000008006bc0       0x10 build/app_freertos.o
                0x0000000008006bc0                tempCheck_attributes
 .rodata.AHBPrescTable
                0x0000000008006bd0       0x40 build/system_stm32wbxx.o
                0x0000000008006bd0                AHBPrescTable
 .rodata.APBPrescTable
                0x0000000008006c10       0x20 build/system_stm32wbxx.o
                0x0000000008006c10                APBPrescTable
 .rodata.MSIRangeTable
                0x0000000008006c30       0x40 build/system_stm32wbxx.o
                0x0000000008006c30                MSIRangeTable
 .rodata.UARTPrescTable
                0x0000000008006c70       0x18 build/stm32wbxx_hal_uart.o
                0x0000000008006c70                UARTPrescTable
 .rodata.denominator.0
                0x0000000008006c88        0x8 build/stm32wbxx_hal_uart_ex.o
 .rodata.numerator.1
                0x0000000008006c90        0x8 build/stm32wbxx_hal_uart_ex.o
 .rodata.vTaskStartScheduler.str1.4
                0x0000000008006c98        0x5 build/tasks.o
 *fill*         0x0000000008006c9d        0x3 
 .rodata.prvCheckForValidListAndQueue.str1.4
                0x0000000008006ca0        0x5 build/timers.o
 *fill*         0x0000000008006ca5        0x3 
 .rodata.xTimerCreateTimerTask.str1.4
                0x0000000008006ca8        0x8 build/timers.o
 .rodata._svfprintf_r.str1.1
                0x0000000008006cb0       0x11 /Users/aeheigl/Library/Application Support/Code/User/globalStorage/bmd.stm32-for-vscode/@xpack-dev-tools/arm-none-eabi-gcc/11.3.1-1.1.2/.content/bin/../lib/gcc/arm-none-eabi/11.3.1/../../../../arm-none-eabi/lib/thumb/v7e-m+fp/hard/libc_nano.a(libc_a-nano-svfprintf.o)
 .rodata._printf_i.str1.1
                0x0000000008006cc1       0x22 /Users/aeheigl/Library/Application Support/Code/User/globalStorage/bmd.stm32-for-vscode/@xpack-dev-tools/arm-none-eabi-gcc/11.3.1-1.1.2/.content/bin/../lib/gcc/arm-none-eabi/11.3.1/../../../../arm-none-eabi/lib/thumb/v7e-m+fp/hard/libc_nano.a(libc_a-nano-vfprintf_i.o)
                0x0000000008006ce4                . = ALIGN (0x4)
 *fill*         0x0000000008006ce3        0x1 

.ARM.extab
 *(.ARM.extab* .gnu.linkonce.armextab.*)

.ARM            0x0000000008006ce4        0x8
                0x0000000008006ce4                __exidx_start = .
 *(.ARM.exidx*)
 .ARM.exidx.text.__udivmoddi4
                0x0000000008006ce4        0x8 /Users/aeheigl/Library/Application Support/Code/User/globalStorage/bmd.stm32-for-vscode/@xpack-dev-tools/arm-none-eabi-gcc/11.3.1-1.1.2/.content/bin/../lib/gcc/arm-none-eabi/11.3.1/thumb/v7e-m+fp/hard/libgcc.a(_udivmoddi4.o)
                0x0000000008006cec                __exidx_end = .

.rel.dyn        0x0000000008006cec        0x0
 .rel.iplt      0x0000000008006cec        0x0 /Users/aeheigl/Library/Application Support/Code/User/globalStorage/bmd.stm32-for-vscode/@xpack-dev-tools/arm-none-eabi-gcc/11.3.1-1.1.2/.content/bin/../lib/gcc/arm-none-eabi/11.3.1/thumb/v7e-m+fp/hard/crtbegin.o

.preinit_array  0x0000000008006cec        0x0
                0x0000000008006cec                PROVIDE (__preinit_array_start = .)
 *(.preinit_array*)
                0x0000000008006cec                PROVIDE (__preinit_array_end = .)

.init_array     0x0000000008006cec        0x4
                0x0000000008006cec                PROVIDE (__init_array_start = .)
 *(SORT_BY_NAME(.init_array.*))
 *(.init_array*)
 .init_array    0x0000000008006cec        0x4 /Users/aeheigl/Library/Application Support/Code/User/globalStorage/bmd.stm32-for-vscode/@xpack-dev-tools/arm-none-eabi-gcc/11.3.1-1.1.2/.content/bin/../lib/gcc/arm-none-eabi/11.3.1/thumb/v7e-m+fp/hard/crtbegin.o
                0x0000000008006cf0                PROVIDE (__init_array_end = .)

.fini_array     0x0000000008006cf0        0x4
                0x0000000008006cf0                PROVIDE (__fini_array_start = .)
 *(SORT_BY_NAME(.fini_array.*))
 *(.fini_array*)
 .fini_array    0x0000000008006cf0        0x4 /Users/aeheigl/Library/Application Support/Code/User/globalStorage/bmd.stm32-for-vscode/@xpack-dev-tools/arm-none-eabi-gcc/11.3.1-1.1.2/.content/bin/../lib/gcc/arm-none-eabi/11.3.1/thumb/v7e-m+fp/hard/crtbegin.o
                0x0000000008006cf4                PROVIDE (__fini_array_end = .)
                0x0000000008006cf4                _sidata = LOADADDR (.data)

.data           0x0000000020000008       0x64 load address 0x0000000008006cf4
                0x0000000020000008                . = ALIGN (0x4)
                0x0000000020000008                _sdata = .
 *(.data)
 *(.data*)
 .data.FunctionSet
                0x0000000020000008        0x1 build/lcd16x2.o
 .data.is8BitsMode
                0x0000000020000009        0x1 build/lcd16x2.o
 *fill*         0x000000002000000a        0x2 
 .data.SystemCoreClock
                0x000000002000000c        0x4 build/system_stm32wbxx.o
                0x000000002000000c                SystemCoreClock
 .data.uwTickFreq
                0x0000000020000010        0x1 build/stm32wbxx_hal.o
                0x0000000020000010                uwTickFreq
 *fill*         0x0000000020000011        0x3 
 .data.uwTickPrio
                0x0000000020000014        0x4 build/stm32wbxx_hal.o
                0x0000000020000014                uwTickPrio
 .data.uxCriticalNesting
                0x0000000020000018        0x4 build/port.o
 .data._impure_data
                0x000000002000001c       0x4c /Users/aeheigl/Library/Application Support/Code/User/globalStorage/bmd.stm32-for-vscode/@xpack-dev-tools/arm-none-eabi-gcc/11.3.1-1.1.2/.content/bin/../lib/gcc/arm-none-eabi/11.3.1/../../../../arm-none-eabi/lib/thumb/v7e-m+fp/hard/libc_nano.a(libc_a-impure.o)
                0x000000002000001c                _impure_data
 .data._impure_ptr
                0x0000000020000068        0x4 /Users/aeheigl/Library/Application Support/Code/User/globalStorage/bmd.stm32-for-vscode/@xpack-dev-tools/arm-none-eabi-gcc/11.3.1-1.1.2/.content/bin/../lib/gcc/arm-none-eabi/11.3.1/../../../../arm-none-eabi/lib/thumb/v7e-m+fp/hard/libc_nano.a(libc_a-impure.o)
                0x0000000020000068                _impure_ptr
                0x000000002000006c                . = ALIGN (0x4)
                0x000000002000006c                _edata = .

.igot.plt       0x000000002000006c        0x0 load address 0x0000000008006d58
 .igot.plt      0x000000002000006c        0x0 /Users/aeheigl/Library/Application Support/Code/User/globalStorage/bmd.stm32-for-vscode/@xpack-dev-tools/arm-none-eabi-gcc/11.3.1-1.1.2/.content/bin/../lib/gcc/arm-none-eabi/11.3.1/thumb/v7e-m+fp/hard/crtbegin.o
                0x000000002000006c                . = ALIGN (0x4)

.bss            0x000000002000006c     0x1f38 load address 0x0000000008006d58
                0x000000002000006c                _sbss = .
                0x000000002000006c                __bss_start__ = _sbss
 *(.bss)
 *(.bss*)
 .bss.completed.1
                0x000000002000006c        0x1 /Users/aeheigl/Library/Application Support/Code/User/globalStorage/bmd.stm32-for-vscode/@xpack-dev-tools/arm-none-eabi-gcc/11.3.1-1.1.2/.content/bin/../lib/gcc/arm-none-eabi/11.3.1/thumb/v7e-m+fp/hard/crtbegin.o
 *fill*         0x000000002000006d        0x3 
 .bss.object.0  0x0000000020000070       0x18 /Users/aeheigl/Library/Application Support/Code/User/globalStorage/bmd.stm32-for-vscode/@xpack-dev-tools/arm-none-eabi-gcc/11.3.1-1.1.2/.content/bin/../lib/gcc/arm-none-eabi/11.3.1/thumb/v7e-m+fp/hard/crtbegin.o
 .bss.Presence  0x0000000020000088        0x1 build/DHT.o
                0x0000000020000088                Presence
 .bss.Rh_byte1  0x0000000020000089        0x1 build/DHT.o
                0x0000000020000089                Rh_byte1
 .bss.Rh_byte2  0x000000002000008a        0x1 build/DHT.o
                0x000000002000008a                Rh_byte2
 *fill*         0x000000002000008b        0x1 
 .bss.SUM       0x000000002000008c        0x2 build/DHT.o
                0x000000002000008c                SUM
 .bss.Temp_byte1
                0x000000002000008e        0x1 build/DHT.o
                0x000000002000008e                Temp_byte1
 .bss.Temp_byte2
                0x000000002000008f        0x1 build/DHT.o
                0x000000002000008f                Temp_byte2
 .bss.hadc1     0x0000000020000090       0x64 build/adc.o
                0x0000000020000090                hadc1
 .bss.DHT11_Data
                0x00000000200000f4        0x8 build/app_freertos.o
                0x00000000200000f4                DHT11_Data
 .bss.Humidity  0x00000000200000fc        0x4 build/app_freertos.o
                0x00000000200000fc                Humidity
 .bss.Temperature
                0x0000000020000100        0x4 build/app_freertos.o
                0x0000000020000100                Temperature
 .bss.checkADCHandle
                0x0000000020000104        0x4 build/app_freertos.o
                0x0000000020000104                checkADCHandle
 .bss.defaultTaskHandle
                0x0000000020000108        0x4 build/app_freertos.o
                0x0000000020000108                defaultTaskHandle
 .bss.tempCheckHandle
                0x000000002000010c        0x4 build/app_freertos.o
                0x000000002000010c                tempCheckHandle
 .bss.D0_PIN    0x0000000020000110        0x2 build/lcd16x2.o
 .bss.D1_PIN    0x0000000020000112        0x2 build/lcd16x2.o
 .bss.D2_PIN    0x0000000020000114        0x2 build/lcd16x2.o
 .bss.D3_PIN    0x0000000020000116        0x2 build/lcd16x2.o
 .bss.D4_PIN    0x0000000020000118        0x2 build/lcd16x2.o
 .bss.D5_PIN    0x000000002000011a        0x2 build/lcd16x2.o
 .bss.D6_PIN    0x000000002000011c        0x2 build/lcd16x2.o
 .bss.D7_PIN    0x000000002000011e        0x2 build/lcd16x2.o
 .bss.PIN_E     0x0000000020000120        0x2 build/lcd16x2.o
 .bss.PIN_RS    0x0000000020000122        0x2 build/lcd16x2.o
 .bss.PORT_LSB  0x0000000020000124        0x4 build/lcd16x2.o
 .bss.PORT_MSB  0x0000000020000128        0x4 build/lcd16x2.o
 .bss.PORT_RS_and_E
                0x000000002000012c        0x4 build/lcd16x2.o
 .bss.htim2     0x0000000020000130       0x4c build/tim.o
                0x0000000020000130                htim2
 .bss.huart1    0x000000002000017c       0x94 build/usart.o
                0x000000002000017c                huart1
 .bss.hpcd_USB_FS
                0x0000000020000210      0x2f4 build/usb.o
                0x0000000020000210                hpcd_USB_FS
 .bss.uwTick    0x0000000020000504        0x4 build/stm32wbxx_hal.o
                0x0000000020000504                uwTick
 .bss.Idle_Stack.2
                0x0000000020000508      0x200 build/cmsis_os2.o
 .bss.Idle_TCB.3
                0x0000000020000708       0x5c build/cmsis_os2.o
 .bss.KernelState
                0x0000000020000764        0x4 build/cmsis_os2.o
 .bss.Timer_Stack.0
                0x0000000020000768      0x400 build/cmsis_os2.o
 .bss.Timer_TCB.1
                0x0000000020000b68       0x5c build/cmsis_os2.o
 .bss.ucMaxSysCallPriority
                0x0000000020000bc4        0x1 build/port.o
 *fill*         0x0000000020000bc5        0x3 
 .bss.ulMaxPRIGROUPValue
                0x0000000020000bc8        0x4 build/port.o
 .bss.pxEnd     0x0000000020000bcc        0x4 build/heap_4.o
 .bss.ucHeap    0x0000000020000bd0      0xc00 build/heap_4.o
 .bss.xBlockAllocatedBit
                0x00000000200017d0        0x4 build/heap_4.o
 .bss.xFreeBytesRemaining
                0x00000000200017d4        0x4 build/heap_4.o
 .bss.xMinimumEverFreeBytesRemaining
                0x00000000200017d8        0x4 build/heap_4.o
 .bss.xNumberOfSuccessfulAllocations
                0x00000000200017dc        0x4 build/heap_4.o
 .bss.xNumberOfSuccessfulFrees
                0x00000000200017e0        0x4 build/heap_4.o
 .bss.xStart    0x00000000200017e4        0x8 build/heap_4.o
 .bss.xQueueRegistry
                0x00000000200017ec       0x40 build/queue.o
                0x00000000200017ec                xQueueRegistry
 .bss.pxCurrentTCB
                0x000000002000182c        0x4 build/tasks.o
                0x000000002000182c                pxCurrentTCB
 .bss.pxDelayedTaskList
                0x0000000020001830        0x4 build/tasks.o
 .bss.pxOverflowDelayedTaskList
                0x0000000020001834        0x4 build/tasks.o
 .bss.pxReadyTasksLists
                0x0000000020001838      0x460 build/tasks.o
 .bss.uxCurrentNumberOfTasks
                0x0000000020001c98        0x4 build/tasks.o
 .bss.uxDeletedTasksWaitingCleanUp
                0x0000000020001c9c        0x4 build/tasks.o
 .bss.uxSchedulerSuspended
                0x0000000020001ca0        0x4 build/tasks.o
 .bss.uxTaskNumber
                0x0000000020001ca4        0x4 build/tasks.o
 .bss.uxTopReadyPriority
                0x0000000020001ca8        0x4 build/tasks.o
 .bss.xDelayedTaskList1
                0x0000000020001cac       0x14 build/tasks.o
 .bss.xDelayedTaskList2
                0x0000000020001cc0       0x14 build/tasks.o
 .bss.xIdleTaskHandle
                0x0000000020001cd4        0x4 build/tasks.o
 .bss.xNextTaskUnblockTime
                0x0000000020001cd8        0x4 build/tasks.o
 .bss.xNumOfOverflows
                0x0000000020001cdc        0x4 build/tasks.o
 .bss.xPendedTicks
                0x0000000020001ce0        0x4 build/tasks.o
 .bss.xPendingReadyList
                0x0000000020001ce4       0x14 build/tasks.o
 .bss.xSchedulerRunning
                0x0000000020001cf8        0x4 build/tasks.o
 .bss.xSuspendedTaskList
                0x0000000020001cfc       0x14 build/tasks.o
 .bss.xTasksWaitingTermination
                0x0000000020001d10       0x14 build/tasks.o
 .bss.xTickCount
                0x0000000020001d24        0x4 build/tasks.o
 .bss.xYieldPending
                0x0000000020001d28        0x4 build/tasks.o
 .bss.pxCurrentTimerList
                0x0000000020001d2c        0x4 build/timers.o
 .bss.pxOverflowTimerList
                0x0000000020001d30        0x4 build/timers.o
 .bss.ucStaticTimerQueueStorage.1
                0x0000000020001d34       0xa0 build/timers.o
 .bss.xActiveTimerList1
                0x0000000020001dd4       0x14 build/timers.o
 .bss.xActiveTimerList2
                0x0000000020001de8       0x14 build/timers.o
 .bss.xLastTime.2
                0x0000000020001dfc        0x4 build/timers.o
 .bss.xStaticTimerQueue.0
                0x0000000020001e00       0x50 build/timers.o
 .bss.xTimerQueue
                0x0000000020001e50        0x4 build/timers.o
 .bss.xTimerTaskHandle
                0x0000000020001e54        0x4 build/timers.o
 .bss.__sf      0x0000000020001e58      0x138 /Users/aeheigl/Library/Application Support/Code/User/globalStorage/bmd.stm32-for-vscode/@xpack-dev-tools/arm-none-eabi-gcc/11.3.1-1.1.2/.content/bin/../lib/gcc/arm-none-eabi/11.3.1/../../../../arm-none-eabi/lib/thumb/v7e-m+fp/hard/libc_nano.a(libc_a-findfp.o)
                0x0000000020001e58                __sf
 .bss.errno     0x0000000020001f90        0x4 /Users/aeheigl/Library/Application Support/Code/User/globalStorage/bmd.stm32-for-vscode/@xpack-dev-tools/arm-none-eabi-gcc/11.3.1-1.1.2/.content/bin/../lib/gcc/arm-none-eabi/11.3.1/../../../../arm-none-eabi/lib/thumb/v7e-m+fp/hard/libc_nano.a(libc_a-reent.o)
                0x0000000020001f90                errno
 .bss.__lock___malloc_recursive_mutex
                0x0000000020001f94        0x1 /Users/aeheigl/Library/Application Support/Code/User/globalStorage/bmd.stm32-for-vscode/@xpack-dev-tools/arm-none-eabi-gcc/11.3.1-1.1.2/.content/bin/../lib/gcc/arm-none-eabi/11.3.1/../../../../arm-none-eabi/lib/thumb/v7e-m+fp/hard/libc_nano.a(libc_a-lock.o)
                0x0000000020001f94                __lock___malloc_recursive_mutex
 *fill*         0x0000000020001f95        0x3 
 .bss.__malloc_free_list
                0x0000000020001f98        0x4 /Users/aeheigl/Library/Application Support/Code/User/globalStorage/bmd.stm32-for-vscode/@xpack-dev-tools/arm-none-eabi-gcc/11.3.1-1.1.2/.content/bin/../lib/gcc/arm-none-eabi/11.3.1/../../../../arm-none-eabi/lib/thumb/v7e-m+fp/hard/libc_nano.a(libc_a-mallocr.o)
                0x0000000020001f98                __malloc_free_list
 .bss.__malloc_sbrk_start
                0x0000000020001f9c        0x4 /Users/aeheigl/Library/Application Support/Code/User/globalStorage/bmd.stm32-for-vscode/@xpack-dev-tools/arm-none-eabi-gcc/11.3.1-1.1.2/.content/bin/../lib/gcc/arm-none-eabi/11.3.1/../../../../arm-none-eabi/lib/thumb/v7e-m+fp/hard/libc_nano.a(libc_a-mallocr.o)
                0x0000000020001f9c                __malloc_sbrk_start
 .bss.heap_end.0
                0x0000000020001fa0        0x4 /Users/aeheigl/Library/Application Support/Code/User/globalStorage/bmd.stm32-for-vscode/@xpack-dev-tools/arm-none-eabi-gcc/11.3.1-1.1.2/.content/bin/../lib/gcc/arm-none-eabi/11.3.1/../../../../arm-none-eabi/lib/thumb/v7e-m+fp/hard/libnosys.a(sbrk.o)
 *(COMMON)
                0x0000000020001fa4                . = ALIGN (0x4)
                0x0000000020001fa4                _ebss = .
                0x0000000020001fa4                __bss_end__ = _ebss

._user_heap_stack
                0x0000000020001fa4      0x604 load address 0x0000000008006d58
                0x0000000020001fa8                . = ALIGN (0x8)
 *fill*         0x0000000020001fa4        0x4 
                0x0000000020001fa8                PROVIDE (end = .)
                [!provide]                        PROVIDE (_end = .)
                0x00000000200021a8                . = (. + _Min_Heap_Size)
 *fill*         0x0000000020001fa8      0x200 
                0x00000000200025a8                . = (. + _Min_Stack_Size)
 *fill*         0x00000000200021a8      0x400 
                0x00000000200025a8                . = ALIGN (0x8)

/DISCARD/
 libc.a(*)
 libm.a(*)
 libgcc.a(*)

.ARM.attributes
                0x0000000000000000       0x30
 *(.ARM.attributes)
 .ARM.attributes
                0x0000000000000000       0x1e /Users/aeheigl/Library/Application Support/Code/User/globalStorage/bmd.stm32-for-vscode/@xpack-dev-tools/arm-none-eabi-gcc/11.3.1-1.1.2/.content/bin/../lib/gcc/arm-none-eabi/11.3.1/thumb/v7e-m+fp/hard/crti.o
 .ARM.attributes
                0x000000000000001e       0x34 /Users/aeheigl/Library/Application Support/Code/User/globalStorage/bmd.stm32-for-vscode/@xpack-dev-tools/arm-none-eabi-gcc/11.3.1-1.1.2/.content/bin/../lib/gcc/arm-none-eabi/11.3.1/thumb/v7e-m+fp/hard/crtbegin.o
 .ARM.attributes
                0x0000000000000052       0x34 build/DC_MOTOR.o
 .ARM.attributes
                0x0000000000000086       0x34 build/DC_MOTOR_cfg.o
 .ARM.attributes
                0x00000000000000ba       0x34 build/DHT.o
 .ARM.attributes
                0x00000000000000ee       0x34 build/adc.o
 .ARM.attributes
                0x0000000000000122       0x34 build/app_freertos.o
 .ARM.attributes
                0x0000000000000156       0x34 build/gpio.o
 .ARM.attributes
                0x000000000000018a       0x34 build/lcd16x2.o
 .ARM.attributes
                0x00000000000001be       0x34 build/main.o
 .ARM.attributes
                0x00000000000001f2       0x34 build/stm32wbxx_hal_msp.o
 .ARM.attributes
                0x0000000000000226       0x34 build/stm32wbxx_it.o
 .ARM.attributes
                0x000000000000025a       0x34 build/system_stm32wbxx.o
 .ARM.attributes
                0x000000000000028e       0x34 build/tim.o
 .ARM.attributes
                0x00000000000002c2       0x34 build/usart.o
 .ARM.attributes
                0x00000000000002f6       0x34 build/usb.o
 .ARM.attributes
                0x000000000000032a       0x34 build/stm32wbxx_hal.o
 .ARM.attributes
                0x000000000000035e       0x34 build/stm32wbxx_hal_adc.o
 .ARM.attributes
                0x0000000000000392       0x34 build/stm32wbxx_hal_cortex.o
 .ARM.attributes
                0x00000000000003c6       0x34 build/stm32wbxx_hal_gpio.o
 .ARM.attributes
                0x00000000000003fa       0x34 build/stm32wbxx_hal_pcd.o
 .ARM.attributes
                0x000000000000042e       0x34 build/stm32wbxx_hal_pcd_ex.o
 .ARM.attributes
                0x0000000000000462       0x34 build/stm32wbxx_hal_pwr.o
 .ARM.attributes
                0x0000000000000496       0x34 build/stm32wbxx_hal_pwr_ex.o
 .ARM.attributes
                0x00000000000004ca       0x34 build/stm32wbxx_hal_rcc.o
 .ARM.attributes
                0x00000000000004fe       0x34 build/stm32wbxx_hal_rcc_ex.o
 .ARM.attributes
                0x0000000000000532       0x34 build/stm32wbxx_hal_tim.o
 .ARM.attributes
                0x0000000000000566       0x34 build/stm32wbxx_hal_tim_ex.o
 .ARM.attributes
                0x000000000000059a       0x34 build/stm32wbxx_hal_uart.o
 .ARM.attributes
                0x00000000000005ce       0x34 build/stm32wbxx_hal_uart_ex.o
 .ARM.attributes
                0x0000000000000602       0x34 build/stm32wbxx_ll_usb.o
 .ARM.attributes
                0x0000000000000636       0x34 build/cmsis_os2.o
 .ARM.attributes
                0x000000000000066a       0x34 build/list.o
 .ARM.attributes
                0x000000000000069e       0x34 build/port.o
 .ARM.attributes
                0x00000000000006d2       0x34 build/heap_4.o
 .ARM.attributes
                0x0000000000000706       0x34 build/queue.o
 .ARM.attributes
                0x000000000000073a       0x34 build/tasks.o
 .ARM.attributes
                0x000000000000076e       0x34 build/timers.o
 .ARM.attributes
                0x00000000000007a2       0x21 build/startup_stm32wb55xx_cm4.o
 .ARM.attributes
                0x00000000000007c3       0x34 /Users/aeheigl/Library/Application Support/Code/User/globalStorage/bmd.stm32-for-vscode/@xpack-dev-tools/arm-none-eabi-gcc/11.3.1-1.1.2/.content/bin/../lib/gcc/arm-none-eabi/11.3.1/../../../../arm-none-eabi/lib/thumb/v7e-m+fp/hard/libc_nano.a(libc_a-findfp.o)
 .ARM.attributes
                0x00000000000007f7       0x34 /Users/aeheigl/Library/Application Support/Code/User/globalStorage/bmd.stm32-for-vscode/@xpack-dev-tools/arm-none-eabi-gcc/11.3.1-1.1.2/.content/bin/../lib/gcc/arm-none-eabi/11.3.1/../../../../arm-none-eabi/lib/thumb/v7e-m+fp/hard/libc_nano.a(libc_a-vsprintf.o)
 .ARM.attributes
                0x000000000000082b       0x34 /Users/aeheigl/Library/Application Support/Code/User/globalStorage/bmd.stm32-for-vscode/@xpack-dev-tools/arm-none-eabi-gcc/11.3.1-1.1.2/.content/bin/../lib/gcc/arm-none-eabi/11.3.1/../../../../arm-none-eabi/lib/thumb/v7e-m+fp/hard/libc_nano.a(libc_a-memset.o)
 .ARM.attributes
                0x000000000000085f       0x34 /Users/aeheigl/Library/Application Support/Code/User/globalStorage/bmd.stm32-for-vscode/@xpack-dev-tools/arm-none-eabi-gcc/11.3.1-1.1.2/.content/bin/../lib/gcc/arm-none-eabi/11.3.1/../../../../arm-none-eabi/lib/thumb/v7e-m+fp/hard/libc_nano.a(libc_a-reent.o)
 .ARM.attributes
                0x0000000000000893       0x34 /Users/aeheigl/Library/Application Support/Code/User/globalStorage/bmd.stm32-for-vscode/@xpack-dev-tools/arm-none-eabi-gcc/11.3.1-1.1.2/.content/bin/../lib/gcc/arm-none-eabi/11.3.1/../../../../arm-none-eabi/lib/thumb/v7e-m+fp/hard/libc_nano.a(libc_a-impure.o)
 .ARM.attributes
                0x00000000000008c7       0x34 /Users/aeheigl/Library/Application Support/Code/User/globalStorage/bmd.stm32-for-vscode/@xpack-dev-tools/arm-none-eabi-gcc/11.3.1-1.1.2/.content/bin/../lib/gcc/arm-none-eabi/11.3.1/../../../../arm-none-eabi/lib/thumb/v7e-m+fp/hard/libc_nano.a(libc_a-init.o)
 .ARM.attributes
                0x00000000000008fb       0x34 /Users/aeheigl/Library/Application Support/Code/User/globalStorage/bmd.stm32-for-vscode/@xpack-dev-tools/arm-none-eabi-gcc/11.3.1-1.1.2/.content/bin/../lib/gcc/arm-none-eabi/11.3.1/../../../../arm-none-eabi/lib/thumb/v7e-m+fp/hard/libc_nano.a(libc_a-lock.o)
 .ARM.attributes
                0x000000000000092f       0x34 /Users/aeheigl/Library/Application Support/Code/User/globalStorage/bmd.stm32-for-vscode/@xpack-dev-tools/arm-none-eabi-gcc/11.3.1-1.1.2/.content/bin/../lib/gcc/arm-none-eabi/11.3.1/../../../../arm-none-eabi/lib/thumb/v7e-m+fp/hard/libc_nano.a(libc_a-memcpy-stub.o)
 .ARM.attributes
                0x0000000000000963       0x17 /Users/aeheigl/Library/Application Support/Code/User/globalStorage/bmd.stm32-for-vscode/@xpack-dev-tools/arm-none-eabi-gcc/11.3.1-1.1.2/.content/bin/../lib/gcc/arm-none-eabi/11.3.1/../../../../arm-none-eabi/lib/thumb/v7e-m+fp/hard/libc_nano.a(libc_a-strlen.o)
 .ARM.attributes
                0x000000000000097a       0x34 /Users/aeheigl/Library/Application Support/Code/User/globalStorage/bmd.stm32-for-vscode/@xpack-dev-tools/arm-none-eabi-gcc/11.3.1-1.1.2/.content/bin/../lib/gcc/arm-none-eabi/11.3.1/../../../../arm-none-eabi/lib/thumb/v7e-m+fp/hard/libc_nano.a(libc_a-freer.o)
 .ARM.attributes
                0x00000000000009ae       0x34 /Users/aeheigl/Library/Application Support/Code/User/globalStorage/bmd.stm32-for-vscode/@xpack-dev-tools/arm-none-eabi-gcc/11.3.1-1.1.2/.content/bin/../lib/gcc/arm-none-eabi/11.3.1/../../../../arm-none-eabi/lib/thumb/v7e-m+fp/hard/libc_nano.a(libc_a-mallocr.o)
 .ARM.attributes
                0x00000000000009e2       0x34 /Users/aeheigl/Library/Application Support/Code/User/globalStorage/bmd.stm32-for-vscode/@xpack-dev-tools/arm-none-eabi-gcc/11.3.1-1.1.2/.content/bin/../lib/gcc/arm-none-eabi/11.3.1/../../../../arm-none-eabi/lib/thumb/v7e-m+fp/hard/libc_nano.a(libc_a-mlock.o)
 .ARM.attributes
                0x0000000000000a16       0x34 /Users/aeheigl/Library/Application Support/Code/User/globalStorage/bmd.stm32-for-vscode/@xpack-dev-tools/arm-none-eabi-gcc/11.3.1-1.1.2/.content/bin/../lib/gcc/arm-none-eabi/11.3.1/../../../../arm-none-eabi/lib/thumb/v7e-m+fp/hard/libc_nano.a(libc_a-nano-svfprintf.o)
 .ARM.attributes
                0x0000000000000a4a       0x34 /Users/aeheigl/Library/Application Support/Code/User/globalStorage/bmd.stm32-for-vscode/@xpack-dev-tools/arm-none-eabi-gcc/11.3.1-1.1.2/.content/bin/../lib/gcc/arm-none-eabi/11.3.1/../../../../arm-none-eabi/lib/thumb/v7e-m+fp/hard/libc_nano.a(libc_a-nano-vfprintf_i.o)
 .ARM.attributes
                0x0000000000000a7e       0x34 /Users/aeheigl/Library/Application Support/Code/User/globalStorage/bmd.stm32-for-vscode/@xpack-dev-tools/arm-none-eabi-gcc/11.3.1-1.1.2/.content/bin/../lib/gcc/arm-none-eabi/11.3.1/../../../../arm-none-eabi/lib/thumb/v7e-m+fp/hard/libc_nano.a(libc_a-memmove.o)
 .ARM.attributes
                0x0000000000000ab2       0x34 /Users/aeheigl/Library/Application Support/Code/User/globalStorage/bmd.stm32-for-vscode/@xpack-dev-tools/arm-none-eabi-gcc/11.3.1-1.1.2/.content/bin/../lib/gcc/arm-none-eabi/11.3.1/../../../../arm-none-eabi/lib/thumb/v7e-m+fp/hard/libc_nano.a(libc_a-sbrkr.o)
 .ARM.attributes
                0x0000000000000ae6       0x1c /Users/aeheigl/Library/Application Support/Code/User/globalStorage/bmd.stm32-for-vscode/@xpack-dev-tools/arm-none-eabi-gcc/11.3.1-1.1.2/.content/bin/../lib/gcc/arm-none-eabi/11.3.1/../../../../arm-none-eabi/lib/thumb/v7e-m+fp/hard/libc_nano.a(libc_a-memchr.o)
 .ARM.attributes
                0x0000000000000b02       0x34 /Users/aeheigl/Library/Application Support/Code/User/globalStorage/bmd.stm32-for-vscode/@xpack-dev-tools/arm-none-eabi-gcc/11.3.1-1.1.2/.content/bin/../lib/gcc/arm-none-eabi/11.3.1/../../../../arm-none-eabi/lib/thumb/v7e-m+fp/hard/libc_nano.a(libc_a-reallocr.o)
 .ARM.attributes
                0x0000000000000b36       0x34 /Users/aeheigl/Library/Application Support/Code/User/globalStorage/bmd.stm32-for-vscode/@xpack-dev-tools/arm-none-eabi-gcc/11.3.1-1.1.2/.content/bin/../lib/gcc/arm-none-eabi/11.3.1/../../../../arm-none-eabi/lib/thumb/v7e-m+fp/hard/libc_nano.a(libc_a-msizer.o)
 .ARM.attributes
                0x0000000000000b6a       0x34 /Users/aeheigl/Library/Application Support/Code/User/globalStorage/bmd.stm32-for-vscode/@xpack-dev-tools/arm-none-eabi-gcc/11.3.1-1.1.2/.content/bin/../lib/gcc/arm-none-eabi/11.3.1/../../../../arm-none-eabi/lib/thumb/v7e-m+fp/hard/libnosys.a(sbrk.o)
 .ARM.attributes
                0x0000000000000b9e       0x1e /Users/aeheigl/Library/Application Support/Code/User/globalStorage/bmd.stm32-for-vscode/@xpack-dev-tools/arm-none-eabi-gcc/11.3.1-1.1.2/.content/bin/../lib/gcc/arm-none-eabi/11.3.1/thumb/v7e-m+fp/hard/libgcc.a(_aeabi_uldivmod.o)
 .ARM.attributes
                0x0000000000000bbc       0x34 /Users/aeheigl/Library/Application Support/Code/User/globalStorage/bmd.stm32-for-vscode/@xpack-dev-tools/arm-none-eabi-gcc/11.3.1-1.1.2/.content/bin/../lib/gcc/arm-none-eabi/11.3.1/thumb/v7e-m+fp/hard/libgcc.a(_udivmoddi4.o)
 .ARM.attributes
                0x0000000000000bf0       0x1e /Users/aeheigl/Library/Application Support/Code/User/globalStorage/bmd.stm32-for-vscode/@xpack-dev-tools/arm-none-eabi-gcc/11.3.1-1.1.2/.content/bin/../lib/gcc/arm-none-eabi/11.3.1/thumb/v7e-m+fp/hard/libgcc.a(_dvmd_tls.o)
 .ARM.attributes
                0x0000000000000c0e       0x1e /Users/aeheigl/Library/Application Support/Code/User/globalStorage/bmd.stm32-for-vscode/@xpack-dev-tools/arm-none-eabi-gcc/11.3.1-1.1.2/.content/bin/../lib/gcc/arm-none-eabi/11.3.1/thumb/v7e-m+fp/hard/crtn.o

MAPPING_TABLE
 *(MAPPING_TABLE)

MB_MEM1
 *(MB_MEM1)
                0x0000000008006d58                _siMB_MEM2 = LOADADDR (.MB_MEM2)

.MB_MEM2        0x0000000020030000        0x0 load address 0x0000000008006d58
                0x0000000020030000                _sMB_MEM2 = .
 *(MB_MEM2)
                0x0000000020030000                _eMB_MEM2 = .
OUTPUT(build/HeiglFinal.elf elf32-littlearm)
LOAD linker stubs
LOAD /Users/aeheigl/Library/Application Support/Code/User/globalStorage/bmd.stm32-for-vscode/@xpack-dev-tools/arm-none-eabi-gcc/11.3.1-1.1.2/.content/bin/../lib/gcc/arm-none-eabi/11.3.1/../../../../arm-none-eabi/lib/thumb/v7e-m+fp/hard/libc.a
LOAD /Users/aeheigl/Library/Application Support/Code/User/globalStorage/bmd.stm32-for-vscode/@xpack-dev-tools/arm-none-eabi-gcc/11.3.1-1.1.2/.content/bin/../lib/gcc/arm-none-eabi/11.3.1/../../../../arm-none-eabi/lib/thumb/v7e-m+fp/hard/libm.a
LOAD /Users/aeheigl/Library/Application Support/Code/User/globalStorage/bmd.stm32-for-vscode/@xpack-dev-tools/arm-none-eabi-gcc/11.3.1-1.1.2/.content/bin/../lib/gcc/arm-none-eabi/11.3.1/thumb/v7e-m+fp/hard/libgcc.a

.comment        0x0000000000000000       0x39
 .comment       0x0000000000000000       0x39 /Users/aeheigl/Library/Application Support/Code/User/globalStorage/bmd.stm32-for-vscode/@xpack-dev-tools/arm-none-eabi-gcc/11.3.1-1.1.2/.content/bin/../lib/gcc/arm-none-eabi/11.3.1/thumb/v7e-m+fp/hard/crtbegin.o
                                         0x3a (size before relaxing)
 .comment       0x0000000000000039       0x3a build/DC_MOTOR.o
 .comment       0x0000000000000039       0x3a build/DC_MOTOR_cfg.o
 .comment       0x0000000000000039       0x3a build/DHT.o
 .comment       0x0000000000000039       0x3a build/adc.o
 .comment       0x0000000000000039       0x3a build/app_freertos.o
 .comment       0x0000000000000039       0x3a build/gpio.o
 .comment       0x0000000000000039       0x3a build/lcd16x2.o
 .comment       0x0000000000000039       0x3a build/main.o
 .comment       0x0000000000000039       0x3a build/stm32wbxx_hal_msp.o
 .comment       0x0000000000000039       0x3a build/stm32wbxx_it.o
 .comment       0x0000000000000039       0x3a build/system_stm32wbxx.o
 .comment       0x0000000000000039       0x3a build/tim.o
 .comment       0x0000000000000039       0x3a build/usart.o
 .comment       0x0000000000000039       0x3a build/usb.o
 .comment       0x0000000000000039       0x3a build/stm32wbxx_hal.o
 .comment       0x0000000000000039       0x3a build/stm32wbxx_hal_adc.o
 .comment       0x0000000000000039       0x3a build/stm32wbxx_hal_cortex.o
 .comment       0x0000000000000039       0x3a build/stm32wbxx_hal_gpio.o
 .comment       0x0000000000000039       0x3a build/stm32wbxx_hal_pcd.o
 .comment       0x0000000000000039       0x3a build/stm32wbxx_hal_pcd_ex.o
 .comment       0x0000000000000039       0x3a build/stm32wbxx_hal_pwr.o
 .comment       0x0000000000000039       0x3a build/stm32wbxx_hal_pwr_ex.o
 .comment       0x0000000000000039       0x3a build/stm32wbxx_hal_rcc.o
 .comment       0x0000000000000039       0x3a build/stm32wbxx_hal_rcc_ex.o
 .comment       0x0000000000000039       0x3a build/stm32wbxx_hal_tim.o
 .comment       0x0000000000000039       0x3a build/stm32wbxx_hal_tim_ex.o
 .comment       0x0000000000000039       0x3a build/stm32wbxx_hal_uart.o
 .comment       0x0000000000000039       0x3a build/stm32wbxx_hal_uart_ex.o
 .comment       0x0000000000000039       0x3a build/stm32wbxx_ll_usb.o
 .comment       0x0000000000000039       0x3a build/cmsis_os2.o
 .comment       0x0000000000000039       0x3a build/list.o
 .comment       0x0000000000000039       0x3a build/port.o
 .comment       0x0000000000000039       0x3a build/heap_4.o
 .comment       0x0000000000000039       0x3a build/queue.o
 .comment       0x0000000000000039       0x3a build/tasks.o
 .comment       0x0000000000000039       0x3a build/timers.o
 .comment       0x0000000000000039       0x3a /Users/aeheigl/Library/Application Support/Code/User/globalStorage/bmd.stm32-for-vscode/@xpack-dev-tools/arm-none-eabi-gcc/11.3.1-1.1.2/.content/bin/../lib/gcc/arm-none-eabi/11.3.1/../../../../arm-none-eabi/lib/thumb/v7e-m+fp/hard/libc_nano.a(libc_a-findfp.o)
 .comment       0x0000000000000039       0x3a /Users/aeheigl/Library/Application Support/Code/User/globalStorage/bmd.stm32-for-vscode/@xpack-dev-tools/arm-none-eabi-gcc/11.3.1-1.1.2/.content/bin/../lib/gcc/arm-none-eabi/11.3.1/../../../../arm-none-eabi/lib/thumb/v7e-m+fp/hard/libc_nano.a(libc_a-vsprintf.o)
 .comment       0x0000000000000039       0x3a /Users/aeheigl/Library/Application Support/Code/User/globalStorage/bmd.stm32-for-vscode/@xpack-dev-tools/arm-none-eabi-gcc/11.3.1-1.1.2/.content/bin/../lib/gcc/arm-none-eabi/11.3.1/../../../../arm-none-eabi/lib/thumb/v7e-m+fp/hard/libc_nano.a(libc_a-memset.o)
 .comment       0x0000000000000039       0x3a /Users/aeheigl/Library/Application Support/Code/User/globalStorage/bmd.stm32-for-vscode/@xpack-dev-tools/arm-none-eabi-gcc/11.3.1-1.1.2/.content/bin/../lib/gcc/arm-none-eabi/11.3.1/../../../../arm-none-eabi/lib/thumb/v7e-m+fp/hard/libc_nano.a(libc_a-reent.o)
 .comment       0x0000000000000039       0x3a /Users/aeheigl/Library/Application Support/Code/User/globalStorage/bmd.stm32-for-vscode/@xpack-dev-tools/arm-none-eabi-gcc/11.3.1-1.1.2/.content/bin/../lib/gcc/arm-none-eabi/11.3.1/../../../../arm-none-eabi/lib/thumb/v7e-m+fp/hard/libc_nano.a(libc_a-impure.o)
 .comment       0x0000000000000039       0x3a /Users/aeheigl/Library/Application Support/Code/User/globalStorage/bmd.stm32-for-vscode/@xpack-dev-tools/arm-none-eabi-gcc/11.3.1-1.1.2/.content/bin/../lib/gcc/arm-none-eabi/11.3.1/../../../../arm-none-eabi/lib/thumb/v7e-m+fp/hard/libc_nano.a(libc_a-init.o)
 .comment       0x0000000000000039       0x3a /Users/aeheigl/Library/Application Support/Code/User/globalStorage/bmd.stm32-for-vscode/@xpack-dev-tools/arm-none-eabi-gcc/11.3.1-1.1.2/.content/bin/../lib/gcc/arm-none-eabi/11.3.1/../../../../arm-none-eabi/lib/thumb/v7e-m+fp/hard/libc_nano.a(libc_a-lock.o)
 .comment       0x0000000000000039       0x3a /Users/aeheigl/Library/Application Support/Code/User/globalStorage/bmd.stm32-for-vscode/@xpack-dev-tools/arm-none-eabi-gcc/11.3.1-1.1.2/.content/bin/../lib/gcc/arm-none-eabi/11.3.1/../../../../arm-none-eabi/lib/thumb/v7e-m+fp/hard/libc_nano.a(libc_a-memcpy-stub.o)
 .comment       0x0000000000000039       0x3a /Users/aeheigl/Library/Application Support/Code/User/globalStorage/bmd.stm32-for-vscode/@xpack-dev-tools/arm-none-eabi-gcc/11.3.1-1.1.2/.content/bin/../lib/gcc/arm-none-eabi/11.3.1/../../../../arm-none-eabi/lib/thumb/v7e-m+fp/hard/libc_nano.a(libc_a-freer.o)
 .comment       0x0000000000000039       0x3a /Users/aeheigl/Library/Application Support/Code/User/globalStorage/bmd.stm32-for-vscode/@xpack-dev-tools/arm-none-eabi-gcc/11.3.1-1.1.2/.content/bin/../lib/gcc/arm-none-eabi/11.3.1/../../../../arm-none-eabi/lib/thumb/v7e-m+fp/hard/libc_nano.a(libc_a-mallocr.o)
 .comment       0x0000000000000039       0x3a /Users/aeheigl/Library/Application Support/Code/User/globalStorage/bmd.stm32-for-vscode/@xpack-dev-tools/arm-none-eabi-gcc/11.3.1-1.1.2/.content/bin/../lib/gcc/arm-none-eabi/11.3.1/../../../../arm-none-eabi/lib/thumb/v7e-m+fp/hard/libc_nano.a(libc_a-mlock.o)
 .comment       0x0000000000000039       0x3a /Users/aeheigl/Library/Application Support/Code/User/globalStorage/bmd.stm32-for-vscode/@xpack-dev-tools/arm-none-eabi-gcc/11.3.1-1.1.2/.content/bin/../lib/gcc/arm-none-eabi/11.3.1/../../../../arm-none-eabi/lib/thumb/v7e-m+fp/hard/libc_nano.a(libc_a-nano-svfprintf.o)
 .comment       0x0000000000000039       0x3a /Users/aeheigl/Library/Application Support/Code/User/globalStorage/bmd.stm32-for-vscode/@xpack-dev-tools/arm-none-eabi-gcc/11.3.1-1.1.2/.content/bin/../lib/gcc/arm-none-eabi/11.3.1/../../../../arm-none-eabi/lib/thumb/v7e-m+fp/hard/libc_nano.a(libc_a-nano-vfprintf_i.o)
 .comment       0x0000000000000039       0x3a /Users/aeheigl/Library/Application Support/Code/User/globalStorage/bmd.stm32-for-vscode/@xpack-dev-tools/arm-none-eabi-gcc/11.3.1-1.1.2/.content/bin/../lib/gcc/arm-none-eabi/11.3.1/../../../../arm-none-eabi/lib/thumb/v7e-m+fp/hard/libc_nano.a(libc_a-memmove.o)
 .comment       0x0000000000000039       0x3a /Users/aeheigl/Library/Application Support/Code/User/globalStorage/bmd.stm32-for-vscode/@xpack-dev-tools/arm-none-eabi-gcc/11.3.1-1.1.2/.content/bin/../lib/gcc/arm-none-eabi/11.3.1/../../../../arm-none-eabi/lib/thumb/v7e-m+fp/hard/libc_nano.a(libc_a-sbrkr.o)
 .comment       0x0000000000000039       0x3a /Users/aeheigl/Library/Application Support/Code/User/globalStorage/bmd.stm32-for-vscode/@xpack-dev-tools/arm-none-eabi-gcc/11.3.1-1.1.2/.content/bin/../lib/gcc/arm-none-eabi/11.3.1/../../../../arm-none-eabi/lib/thumb/v7e-m+fp/hard/libc_nano.a(libc_a-reallocr.o)
 .comment       0x0000000000000039       0x3a /Users/aeheigl/Library/Application Support/Code/User/globalStorage/bmd.stm32-for-vscode/@xpack-dev-tools/arm-none-eabi-gcc/11.3.1-1.1.2/.content/bin/../lib/gcc/arm-none-eabi/11.3.1/../../../../arm-none-eabi/lib/thumb/v7e-m+fp/hard/libc_nano.a(libc_a-msizer.o)
 .comment       0x0000000000000039       0x3a /Users/aeheigl/Library/Application Support/Code/User/globalStorage/bmd.stm32-for-vscode/@xpack-dev-tools/arm-none-eabi-gcc/11.3.1-1.1.2/.content/bin/../lib/gcc/arm-none-eabi/11.3.1/../../../../arm-none-eabi/lib/thumb/v7e-m+fp/hard/libnosys.a(sbrk.o)
 .comment       0x0000000000000039       0x3a /Users/aeheigl/Library/Application Support/Code/User/globalStorage/bmd.stm32-for-vscode/@xpack-dev-tools/arm-none-eabi-gcc/11.3.1-1.1.2/.content/bin/../lib/gcc/arm-none-eabi/11.3.1/thumb/v7e-m+fp/hard/libgcc.a(_udivmoddi4.o)

.debug_info     0x0000000000000000    0x35168
 .debug_info    0x0000000000000000     0x145e build/DC_MOTOR.o
 .debug_info    0x000000000000145e      0x353 build/DC_MOTOR_cfg.o
 .debug_info    0x00000000000017b1      0xfe6 build/DHT.o
 .debug_info    0x0000000000002797      0xf40 build/adc.o
 .debug_info    0x00000000000036d7     0x1566 build/app_freertos.o
 .debug_info    0x0000000000004c3d      0x6e7 build/gpio.o
 .debug_info    0x0000000000005324      0xfd0 build/lcd16x2.o
 .debug_info    0x00000000000062f4      0xbd4 build/main.o
 .debug_info    0x0000000000006ec8      0x2a1 build/stm32wbxx_hal_msp.o
 .debug_info    0x0000000000007169      0x137 build/stm32wbxx_it.o
 .debug_info    0x00000000000072a0      0x71d build/system_stm32wbxx.o
 .debug_info    0x00000000000079bd     0x1078 build/tim.o
 .debug_info    0x0000000000008a35     0x10b1 build/usart.o
 .debug_info    0x0000000000009ae6      0xbb8 build/usb.o
 .debug_info    0x000000000000a69e     0x1668 build/stm32wbxx_hal.o
 .debug_info    0x000000000000bd06     0x317d build/stm32wbxx_hal_adc.o
 .debug_info    0x000000000000ee83      0xeaf build/stm32wbxx_hal_cortex.o
 .debug_info    0x000000000000fd32      0x6e5 build/stm32wbxx_hal_gpio.o
 .debug_info    0x0000000000010417     0x1b36 build/stm32wbxx_hal_pcd.o
 .debug_info    0x0000000000011f4d      0x973 build/stm32wbxx_hal_pcd_ex.o
 .debug_info    0x00000000000128c0      0x9ed build/stm32wbxx_hal_pwr.o
 .debug_info    0x00000000000132ad     0x138e build/stm32wbxx_hal_pwr_ex.o
 .debug_info    0x000000000001463b     0x212a build/stm32wbxx_hal_rcc.o
 .debug_info    0x0000000000016765     0x3086 build/stm32wbxx_hal_rcc_ex.o
 .debug_info    0x00000000000197eb     0x3dae build/stm32wbxx_hal_tim.o
 .debug_info    0x000000000001d599     0x1f1a build/stm32wbxx_hal_tim_ex.o
 .debug_info    0x000000000001f4b3     0x63cc build/stm32wbxx_hal_uart.o
 .debug_info    0x000000000002587f     0x1244 build/stm32wbxx_hal_uart_ex.o
 .debug_info    0x0000000000026ac3     0x194b build/stm32wbxx_ll_usb.o
 .debug_info    0x000000000002840e     0x4ca7 build/cmsis_os2.o
 .debug_info    0x000000000002d0b5      0x2bf build/list.o
 .debug_info    0x000000000002d374      0x55a build/port.o
 .debug_info    0x000000000002d8ce      0x5a1 build/heap_4.o
 .debug_info    0x000000000002de6f     0x2775 build/queue.o
 .debug_info    0x00000000000305e4     0x3071 build/tasks.o
 .debug_info    0x0000000000033655     0x1af0 build/timers.o
 .debug_info    0x0000000000035145       0x23 build/startup_stm32wb55xx_cm4.o

.debug_abbrev   0x0000000000000000     0x6103
 .debug_abbrev  0x0000000000000000      0x2ce build/DC_MOTOR.o
 .debug_abbrev  0x00000000000002ce       0xdc build/DC_MOTOR_cfg.o
 .debug_abbrev  0x00000000000003aa      0x300 build/DHT.o
 .debug_abbrev  0x00000000000006aa      0x282 build/adc.o
 .debug_abbrev  0x000000000000092c      0x269 build/app_freertos.o